16:22:08 ============================================================================================
16:22:08 GPU SELECTION -- 8 card(s) on this host
16:22:08 ============================================================================================
16:22:08   rank idx   util   used GB   free GB proc  temp  state
16:22:08   -----------------------------------------------------
16:22:08      0   0     0%       0.0     139.8    0    29  idle
16:22:08      1   1     0%       0.0     139.8    0    35  idle
16:22:08      2   3     0%       0.0     139.8    0    29  idle
16:22:08      3   4     0%       0.0     139.8    0    31  idle
16:22:08      4   5     0%       0.0     139.8    0    32  idle
16:22:08      5   6     0%       0.0     139.8    0    33  idle
16:22:08      6   7     0%       0.0     139.8    0    29  idle
16:22:08      7   2     0%     131.3       8.5    1    37  BUSY: 1 other compute process(es): pid 1855165 sglang::scheduler (131.3 GB); 131.3 GB already allocated by som
16:22:08        gpu 0  NVIDIA H200  uuid GPU-b2318e71-edbf-aa1b-dcf3-3cc3e6ea7db0
16:22:08        gpu 1  NVIDIA H200  uuid GPU-59aa5198-70aa-0e6f-16b9-a6d483af9c4e
16:22:08        gpu 3  NVIDIA H200  uuid GPU-6c4cc3d3-e0bc-949d-16be-822af843e49f
16:22:08        gpu 4  NVIDIA H200  uuid GPU-c20464a7-77aa-f6f2-9a70-207c42f6b4a1
16:22:08        gpu 5  NVIDIA H200  uuid GPU-2c1d24fb-c9a6-9d6c-fa91-28ea2b50e17f
16:22:08        gpu 6  NVIDIA H200  uuid GPU-338e7fe0-5ca6-f37f-b9b6-ea4ea6c5358b
16:22:08        gpu 7  NVIDIA H200  uuid GPU-3aa19cef-f7a3-bd28-1b5e-2e6d8b8ca670
16:22:08        gpu 2  NVIDIA H200  uuid GPU-3eb2bc50-6290-2508-4dc5-e01f05c85e5f
16:22:08 
16:22:08   [gpu] pinning GPU 0 (NVIDIA H200) uuid GPU-b2318e71-edbf-aa1b-dcf3-3cc3e6ea7db0
16:22:08   [gpu] idlest of 8: 0% utilization, 0.0 GB used, 0 other compute process(es)
16:22:08   [gpu] every child gets CUDA_VISIBLE_DEVICES=0 and CUDA_DEVICE_ORDER=PCI_BUS_ID, so each one sees exactly this card as cuda:0 -- which is why no bench needed changing.
16:22:08 ============================================================================================
16:22:08 GLM-5.2 MoE fusion study -- H200 campaign
16:22:08 ============================================================================================
16:22:08   repo            /home/guancheng/zsh/fusion
16:22:08   results dir     /home/guancheng/zsh/fusion/results/h200
16:22:08   driver started  2026-08-07 16:22:08
16:22:08   gpu             0  uuid GPU-b2318e71-edbf-aa1b-dcf3-3cc3e6ea7db0  (idlest of 8: 0% utilization, 0.0 GB used, 0 other compute process(es))
16:22:08 
16:22:08   [device] NVIDIA H200  sm_90 | 132 SM | warp 32 | smem/block 232448 B | regs/SM 65536 | L2 60 MB | VRAM 139.8 GB
16:22:08   [stack]  torch 2.11.0+cu130 (cuda 13.0) | triton 3.6.0
16:22:08   [triton features, compiled AND launched] +baseline_elementwise +tl_dot_bf16 +warp_specialize_tl_range -warp_specialize_num_consumer_groups +tma_host_descriptor +tma_device_descriptor +thread_block_cluster_num_ctas
16:22:08   [calib]  copy_1024MB_GBs=4239  rmw_1024MB_GBs=4193  read_1024MB_GBs=4593  copy_2048MB_GBs=4247  rmw_2048MB_GBs=4258  read_2048MB_GBs=4648   cublas_4096x16384x6144_TFs=822.9  triton_4096x16384x6144_TFs=728.4  cublas_8192x16384x6144_TFs=755.4  triton_8192x16384x6144_TFs=677.2
16:22:08   [calib]  launch 10.32 us | timer tick 0.032 us (measured by preflight)
16:22:08   [capacity] expert weights 18.0 GB | fit=True | whole layer feasible=True
16:22:08 
16:22:08   [hwinfo@start] GPU0 NVIDIA H200 | sm 345/1980 MHz | mem 3201/3201 MHz | 29 C | 76.93/700 W | used 0/143771 MiB | util 0% | pstate P0 | throttle 0x0000000000000001
16:22:08   [hwinfo@start] GPU1 NVIDIA H200 | sm 345/1980 MHz | mem 3201/3201 MHz | 35 C | 78.98/700 W | used 0/143771 MiB | util 0% | pstate P0 | throttle 0x0000000000000001
16:22:08   [hwinfo@start] GPU2 NVIDIA H200 | sm 1980/1980 MHz | mem 3201/3201 MHz | 37 C | 119.81/700 W | used 134498/143771 MiB | util 0% | pstate P0 | throttle 0x0000000000000000
16:22:08   [hwinfo@start] GPU3 NVIDIA H200 | sm 345/1980 MHz | mem 3201/3201 MHz | 29 C | 77.57/700 W | used 0/143771 MiB | util 0% | pstate P0 | throttle 0x0000000000000001
16:22:08   [hwinfo@start] GPU4 NVIDIA H200 | sm 345/1980 MHz | mem 3201/3201 MHz | 31 C | 77.78/700 W | used 0/143771 MiB | util 0% | pstate P0 | throttle 0x0000000000000001
16:22:08   [hwinfo@start] GPU5 NVIDIA H200 | sm 345/1980 MHz | mem 3201/3201 MHz | 32 C | 75.13/700 W | used 0/143771 MiB | util 0% | pstate P0 | throttle 0x0000000000000001
16:22:08   [hwinfo@start] GPU6 NVIDIA H200 | sm 345/1980 MHz | mem 3201/3201 MHz | 33 C | 76.98/700 W | used 0/143771 MiB | util 0% | pstate P0 | throttle 0x0000000000000001
16:22:08   [hwinfo@start] GPU7 NVIDIA H200 | sm 345/1980 MHz | mem 3201/3201 MHz | 29 C | 77.46/700 W | used 0/143771 MiB | util 0% | pstate P0 | throttle 0x0000000000000001
16:22:08 
16:22:08   [gate] sm_90 confirmed (NVIDIA H200). Hopper paths (TMA, clusters, warp specialisation) are eligible; each is still chosen at RUNTIME from the probe.
16:22:09 ============================================================================================
16:22:09 STAGE f03 -- measuring new regimes into the staging tree
16:22:09 ============================================================================================
16:22:09 ============================================================================================
16:22:09 f03 -- #3  ResAdd+RMSNorm over 4 regime(s)
16:22:09 ============================================================================================
16:22:09 
16:22:09   attempt 1/6: 4 regime(s) to measure (decode_bs2, decode_bs4, decode_bs8, decode_bs16)
16:22:09   cmd     /usr/bin/python /home/guancheng/zsh/fusion/glm52_h200/bench/bench_f03_resadd_rmsnorm.py
16:22:09   log     /home/guancheng/zsh/fusion/log/run_bs_extra_h200/f03.a1.log
16:22:09   timeout 3.0 h
16:22:09   !! bench_f03_resadd_rmsnorm.py advertises no --regimes flag; the request was passed only via GLM52_REGIMES and may be ignored by this bench.
16:22:09   [hw before] GPU0 NVIDIA H200 | sm 345/1980 MHz | mem 3201/3201 MHz | 29 C | 76.9/700 W | used 0/143771 MiB | util 0% | pstate P0 | throttle 0x0000000000000001
16:23:09     [f03.a1]    1.0 min |     [screen fused/coarse] 164 offered -> 164 valid (0 compile-fail, 0 wrong-answer)
16:23:32   [hw after ] GPU0 NVIDIA H200 | sm 1980/1980 MHz | mem 3201/3201 MHz | 35 C | 121.6/700 W | used 0/143771 MiB | util 0% | pstate P0 | throttle 0x0000000000000000
16:23:32   !! SM clock moved +473.9% during this family (345 -> 1980 MHz) -- interleaved A/B timing is what protects the ratio from this; check the bench recorded a paired statistic.
16:23:32   exit=0 status=ok wall=1.4 min
16:23:32     | decode_bs512        0.0735    0.1524    2.085    0.1771    0.0875    yes
16:23:32     | decode_bs1024       0.0871    0.1717    1.982    0.2031    0.1041    yes
16:23:32     | prefill_t2048       0.1132    0.2112    1.867    0.2167    0.1156    yes
16:23:32     | prefill_t8192       0.1740    0.2357    1.333    0.7253    0.1206     no
16:23:32   !! attempt 1 made no progress and the failing regime could not be identified from its log; stopping the f03 stage.
16:23:33   !! REFUSING TO MERGE: f03.json: missing. The staging tree has not produced a result for this family.
16:23:33 ============================================================================================
16:23:33 STAGE f10 -- measuring new regimes into the staging tree
16:23:33 ============================================================================================
16:23:33 ============================================================================================
16:23:33 f10 -- #10 ExpertMerge+ResAdd over 4 regime(s)
16:23:33 ============================================================================================
16:23:33 
16:23:33   attempt 1/6: 4 regime(s) to measure (decode_bs2, decode_bs4, decode_bs8, decode_bs16)
16:23:33   cmd     /usr/bin/python /home/guancheng/zsh/fusion/glm52_h200/bench/bench_f10_merge_resadd.py
16:23:33   log     /home/guancheng/zsh/fusion/log/run_bs_extra_h200/f10.a1.log
16:23:33   timeout 4.0 h
16:23:33   !! bench_f10_merge_resadd.py advertises no --regimes flag; the request was passed only via GLM52_REGIMES and may be ignored by this bench.
16:23:33   [hw before] GPU0 NVIDIA H200 | sm 1980/1980 MHz | mem 3201/3201 MHz | 35 C | 124.11/700 W | used 0/143771 MiB | util 0% | pstate P0 | throttle 0x0000000000000000
16:24:33     [f10.a1]    1.0 min |     [merge/coarse] 188/188 cfgs timed -> 0.0080 ms  {'ROWS': 1, 'BLOCK_N': 256, 'num_warps': 2, 'num_stages': 
16:25:33     [f10.a1]    2.0 min |     [chain] joint 16 pairs -> 0.0516 ms (independent-best sum would be 0.0223 ms)
16:26:15   [hw after ] GPU0 NVIDIA H200 | sm 1980/1980 MHz | mem 3201/3201 MHz | 35 C | 121.16/700 W | used 0/143771 MiB | util 0% | pstate P0 | throttle 0x0000000000000000
16:26:15   exit=0 status=ok wall=2.7 min
16:26:15     | decode_bs512        0.0753    0.1560    2.066    533%    0.2332    0.0739
16:26:15     | decode_bs1024       0.0979    0.1972    1.937    468%    0.4596    0.0788
16:26:15     | prefill_t2048       0.1302    0.1989    1.552    276%    0.9156    0.1511
16:26:15     | prefill_t8192       0.2346    0.2813    1.197     98%    3.6016    0.6411
16:26:15   !! attempt 1 made no progress and the failing regime could not be identified from its log; stopping the f10 stage.
16:26:15   !! REFUSING TO MERGE: f10.json: missing. The staging tree has not produced a result for this family.
16:26:15 ============================================================================================
16:26:15 STAGE f01 -- measuring new regimes into the staging tree
16:26:15 ============================================================================================
16:26:15 ============================================================================================
16:26:15 f01 -- #1  o_proj+ResAdd over 4 regime(s)
16:26:15 ============================================================================================
16:26:15 
16:26:15   attempt 1/6: 4 regime(s) to measure (decode_bs2, decode_bs4, decode_bs8, decode_bs16)
16:26:15   cmd     /usr/bin/python /home/guancheng/zsh/fusion/glm52_h200/bench/bench_f01_oproj_resadd.py
16:26:15   log     /home/guancheng/zsh/fusion/log/run_bs_extra_h200/f01.a1.log
16:26:15   timeout 8.0 h
16:26:15   !! bench_f01_oproj_resadd.py advertises no --regimes flag; the request was passed only via GLM52_REGIMES and may be ignored by this bench.
16:26:16   [hw before] GPU0 NVIDIA H200 | sm 1980/1980 MHz | mem 3201/3201 MHz | 35 C | 123.92/700 W | used 0/143771 MiB | util 0% | pstate P0 | throttle 0x0000000000000000
16:27:16     [f01.a1]    1.0 min |   coarse grid: 220 configs (identical object for both arms)
16:28:16     [f01.a1]    2.0 min |     [screen fused/coarse] 220 offered -> 220 valid (0 compile-fail, 0 wrong-answer)
16:29:16     [f01.a1]    3.0 min |     [fused/coarse] 220/220 cfgs timed -> 0.1072 ms  {'BLOCK_M': 16, 'BLOCK_N': 128, 'BLOCK_K': 64, 'GROUP_M': 
16:30:16     [f01.a1]    4.0 min |     [screen fused/coarse] 220 offered -> 220 valid (0 compile-fail, 0 wrong-answer)
16:31:16     [f01.a1]    5.0 min |     [fused/refine]  20/20 cfgs timed -> 0.1098 ms  {'BLOCK_M': 16, 'BLOCK_N': 64, 'BLOCK_K': 128, 'GROUP_M': 4
16:32:16     [f01.a1]    6.0 min | /home/guancheng/zsh/fusion/glm52_h200/kernels/oproj_resadd.py:511:0: note: Pipeline failed while executing [`N
16:33:16     [f01.a1]    7.0 min |         wrong-answer: {'BLOCK_M': 128, 'BLOCK_N': 128, 'BLOCK_K': 128, 'GROUP_M': 1, 'SPLIT_K': 1, 'num_warps'
16:34:16     [f01.a1]    8.0 min | /home/guancheng/zsh/fusion/glm52_h200/kernels/oproj_resadd.py:511:0: note: Pipeline failed while executing [`N
16:34:54   [hw after ] GPU0 NVIDIA H200 | sm 1980/1980 MHz | mem 3201/3201 MHz | 46 C | 127.81/700 W | used 0/143771 MiB | util 0% | pstate P0 | throttle 0x0000000000000000
16:34:54   .. temperature moved +11 C (35 -> 46)
16:34:54   exit=0 status=ok wall=8.6 min
16:34:54     | decode_bs512        0.3573    0.3621   1.0145    0.2967    0.2968    1.0020  3.02e-03       
16:34:54     | decode_bs1024       0.6448    0.6434   0.9990    0.6040    0.6044    1.0027  2.70e-03       
16:34:54     | prefill_t2048       0.6325    0.6415   1.0191    0.5812    0.5835    1.0062  2.73e-03       
16:34:54     | prefill_t8192       2.5018    2.5478   1.0202    2.4493    2.4633    1.0055  2.68e-03       
16:34:54   !! attempt 1 made no progress and the failing regime could not be identified from its log; stopping the f01 stage.
16:34:55   !! REFUSING TO MERGE: f01.json: missing. The staging tree has not produced a result for this family.
16:34:55 ============================================================================================
16:34:55 STAGE f04f05 -- measuring new regimes into the staging tree
16:34:55 ============================================================================================
16:34:55 ============================================================================================
16:34:55 f04f05 -- #4  ResAdd+RMSNorm+Router / #5 RMSNorm+Router over 4 regime(s)
16:34:55 ============================================================================================
16:34:55 
16:34:55   attempt 1/6: 4 regime(s) to measure (decode_bs2, decode_bs4, decode_bs8, decode_bs16)
16:34:55   cmd     /usr/bin/python /home/guancheng/zsh/fusion/glm52_h200/bench/bench_f04f05_norm_router.py
16:34:55   log     /home/guancheng/zsh/fusion/log/run_bs_extra_h200/f04f05.a1.log
16:34:55   timeout 8.0 h
16:34:55   !! bench_f04f05_norm_router.py advertises no --regimes flag; the request was passed only via GLM52_REGIMES and may be ignored by this bench.
16:34:55   [hw before] GPU0 NVIDIA H200 | sm 360/1980 MHz | mem 3201/3201 MHz | 44 C | 94.3/700 W | used 0/143771 MiB | util 0% | pstate P0 | throttle 0x0000000000000001
16:35:55     [f04f05.a1]    1.0 min | /home/guancheng/zsh/fusion/glm52_h200/kernels/norm_router.py:317:0: note: Pipeline failed while executing [`Tr
16:36:55     [f04f05.a1]    2.0 min | /home/guancheng/zsh/fusion/glm52_h200/kernels/norm_router.py:317:0: note: Pipeline failed while executing [`Co
16:37:55     [f04f05.a1]    3.0 min | /home/guancheng/zsh/fusion/glm52_h200/kernels/norm_router.py:317:0: note: Pipeline failed while executing [`Co
16:38:55     [f04f05.a1]    4.0 min |     [F4          ] 349/557 cfgs timed -> 0.0792 ms  {'BLOCK_M': 16, 'BLOCK_K': 128, 'BLOCK_E': 32, 'num_warps'
16:39:55     [f04f05.a1]    5.0 min | #-}
16:40:55     [f04f05.a1]    6.0 min | /home/guancheng/zsh/fusion/glm52_h200/kernels/norm_router.py:317:0: note: Pipeline failed while executing [`Co
16:41:55     [f04f05.a1]    7.0 min | /home/guancheng/zsh/fusion/glm52_h200/kernels/norm_router.py:317:0: note: Pipeline failed while executing [`Co
16:42:55     [f04f05.a1]    8.0 min |     %93 = ttg.memdesc_index %89[%c0_i32] : !ttg.memdesc<1x32x64xbf16, #shared, #smem, mutable> -> !ttg.memdesc
16:43:55     [f04f05.a1]    9.0 min | /home/guancheng/zsh/fusion/glm52_h200/kernels/norm_router.py:317:0: note: Pipeline failed while executing [`Co
16:44:55     [f04f05.a1]   10.0 min | /home/guancheng/zsh/fusion/glm52_h200/kernels/norm_router.py:317:0: note: Pipeline failed while executing [`Co
16:45:55     [f04f05.a1]   11.0 min |       %154 = tt.addptr %arg20, %cst_6 : tensor<32x512x!tt.ptr<bf16>, #blocked>, tensor<32x512xi
16:46:55     [f04f05.a1]   12.0 min | /home/guancheng/zsh/fusion/glm52_h200/kernels/norm_router.py:317:0: note: Pipeline failed while executing [`Co
16:47:55     [f04f05.a1]   13.0 min | /home/guancheng/zsh/fusion/glm52_h200/kernels/norm_router.py:317:0: note: Pipeline failed while executing [`Co
16:48:55     [f04f05.a1]   14.0 min | /home/guancheng/zsh/fusion/glm52_h200/kernels/norm_router.py:317:0: note: Pipeline failed while executing [`Co
16:49:55     [f04f05.a1]   15.0 min | /home/guancheng/zsh/fusion/glm52_h200/kernels/norm_router.py:317:0: note: Pipeline failed while executing [`Co
16:50:55     [f04f05.a1]   16.0 min | /home/guancheng/zsh/fusion/glm52_h200/kernels/norm_router.py:317:0: note: Pipeline failed while executing [`Co
16:51:55     [f04f05.a1]   17.0 min | /home/guancheng/zsh/fusion/glm52_h200/kernels/norm_router.py:317:0: note: Pipeline failed while executing [`Co
16:52:55     [f04f05.a1]   18.0 min |     [F5          ] 349/557 cfgs timed -> 0.0735 ms  {'BLOCK_M': 16, 'BLOCK_K': 128, 'BLOCK_E': 64, 'num_warps'
16:53:55     [f04f05.a1]   19.0 min | /home/guancheng/zsh/fusion/glm52_h200/kernels/norm_router.py:317:0: note: Pipeline failed while executing [`Co
16:54:55     [f04f05.a1]   20.0 min | /home/guancheng/zsh/fusion/glm52_h200/kernels/norm_router.py:317:0: note: Pipeline failed while executing [`NV
16:55:55     [f04f05.a1]   21.0 min | /home/guancheng/zsh/fusion/glm52_h200/kernels/norm_router.py:317:0: note: Pipeline failed while executing [`NV
16:56:56     [f04f05.a1]   22.0 min | /home/guancheng/zsh/fusion/glm52_h200/kernels/norm_router.py:317:0: note: Pipeline failed while executing [`Tr
16:57:56     [f04f05.a1]   23.0 min | /home/guancheng/zsh/fusion/glm52_h200/kernels/norm_router.py:317:0: note: Pipeline failed while executing [`Co
16:58:56     [f04f05.a1]   24.0 min | /home/guancheng/zsh/fusion/glm52_h200/kernels/norm_router.py:317:0: note: Pipeline failed while executing [`Co
16:59:56     [f04f05.a1]   25.0 min | /home/guancheng/zsh/fusion/glm52_h200/kernels/norm_router.py:317:0: note: Pipeline failed while executing [`Tr
17:00:56     [f04f05.a1]   26.0 min |     [screen F5          ] 557 offered -> 349 valid (208 compile-fail, 0 wrong-answer)
17:01:56     [f04f05.a1]   27.0 min | /home/guancheng/zsh/fusion/glm52_h200/kernels/norm_router.py:317:0: note: Pipeline failed while executing [`Co
17:02:53   [hw after ] GPU0 NVIDIA H200 | sm 1980/1980 MHz | mem 3201/3201 MHz | 33 C | 119.86/700 W | used 0/143771 MiB | util 0% | pstate P0 | throttle 0x0000000000000000
17:02:53   !! SM clock moved +450.0% during this family (360 -> 1980 MHz) -- interleaved A/B timing is what protects the ratio from this; check the bench recorded a paired statistic.
17:02:53   exit=0 status=ok wall=28.0 min
17:02:53     | prefill_t8192   F5           0.2576    0.2827    1.171     1.65    1.4550
17:02:53     | prefill_t8192   F5_topk      0.2459    0.3130    1.404     1.65    1.4550
17:02:53     | prefill_t8192   F4           0.2251    0.1720    0.823     1.58    1.9618
17:02:53     | prefill_t8192   F4_topk      0.2883    0.2278    0.971     1.58    1.9618
17:02:59   !! attempt 1 made no progress and the failing regime could not be identified from its log; stopping the f04f05 stage.
17:02:59   !! REFUSING TO MERGE: f04f05.json: missing. The staging tree has not produced a result for this family.
17:02:59 ============================================================================================
17:02:59 STAGE f11 -- measuring new regimes into the staging tree
17:02:59 ============================================================================================
17:02:59 ============================================================================================
17:02:59 f11 -- #11a LazyPreNorm->w13 / #11b LazyPreNorm->router over 4 regime(s)
17:02:59 ============================================================================================
17:02:59 
17:02:59   attempt 1/6: 4 regime(s) to measure (decode_bs2, decode_bs4, decode_bs8, decode_bs16)
17:02:59   cmd     /usr/bin/python /home/guancheng/zsh/fusion/glm52_h200/bench/bench_f11_lazy_prenorm.py
17:02:59   log     /home/guancheng/zsh/fusion/log/run_bs_extra_h200/f11.a1.log
17:02:59   timeout 10.0 h
17:02:59   !! bench_f11_lazy_prenorm.py advertises no --regimes flag; the request was passed only via GLM52_REGIMES and may be ignored by this bench.
17:03:00   [hw before] GPU0 NVIDIA H200 | sm 345/1980 MHz | mem 3201/3201 MHz | 31 C | 77.13/700 W | used 0/143771 MiB | util 0% | pstate P0 | throttle 0x0000000000000001
17:04:00     [f11.a1]    1.0 min |     [grid f11b/T2] 226 legal -> 180 sampled (budget 180)
17:05:00     [f11.a1]    2.0 min |     [routerF/coarse] 180/180 cfgs timed -> 0.0353 ms  {'BLOCK_M': 16, 'BLOCK_N': 64, 'BLOCK_K': 64, 'num_warps
17:06:00     [f11.a1]    3.0 min |     [routerU/coarse] 180/180 cfgs timed -> 0.0224 ms  {'BLOCK_M': 16, 'BLOCK_N': 64, 'BLOCK_K': 128, 'num_warp
17:07:00     [f11.a1]    4.0 min |   w13 unfused: coarse 180(27f) + refine 28(0f) -> 0.1828 ms {'BLOCK_M': 16, 'BLOCK_N': 128, 'BLOCK_K': 128, 'n
17:08:00     [f11.a1]    5.0 min |     [w13U/coarse ] 153/180 cfgs timed -> 0.3312 ms  {'BLOCK_M': 16, 'BLOCK_N': 256, 'BLOCK_K': 128, 'num_warps
17:09:00     [f11.a1]    6.0 min |     [screen w13U/coarse ] 180 offered -> 153 valid (27 compile-fail, 0 wrong-answer)
17:10:00     [f11.a1]    7.0 min |     [routerF/coarse] 180/180 cfgs timed -> 0.0390 ms  {'BLOCK_M': 16, 'BLOCK_N': 64, 'BLOCK_K': 128, 'num_warp
17:11:00     [f11.a1]    8.0 min |     [screen w13U/coarse ] 180 offered -> 153 valid (27 compile-fail, 0 wrong-answer)
17:12:00     [f11.a1]    9.0 min |         wrong-answer: {'BLOCK_M': 64, 'BLOCK_N': 128, 'BLOCK_K': 32, 'num_warps': 4, 'num_stages': 4, 'GROUP_M
17:13:00     [f11.a1]   10.0 min |     [screen w13F/refine ]  28 offered ->  28 valid (0 compile-fail, 0 wrong-answer)
17:14:00     [f11.a1]   11.0 min |         wrong-answer: {'BLOCK_M': 64, 'BLOCK_N': 128, 'BLOCK_K': 32, 'num_warps': 4, 'num_stages': 4, 'GROUP_M
17:15:00     [f11.a1]   12.0 min |     [screen w13U/coarse ] 180 offered -> 153 valid (27 compile-fail, 0 wrong-answer)
17:16:00     [f11.a1]   13.0 min |         wrong-answer: {'BLOCK_M': 64, 'BLOCK_N': 128, 'BLOCK_K': 32, 'num_warps': 4, 'num_stages': 4, 'GROUP_M
17:17:00     [f11.a1]   14.0 min |     [screen w13U/coarse ] 180 offered -> 153 valid (27 compile-fail, 0 wrong-answer)
17:18:00     [f11.a1]   15.0 min | /home/guancheng/zsh/fusion/glm52_h200/kernels/lazy_prenorm.py:735:0: note: Pipeline failed while executing [`N
17:19:00     [f11.a1]   16.0 min |     [screen w13U/coarse ] 180 offered -> 153 valid (27 compile-fail, 0 wrong-answer)
17:20:00     [f11.a1]   17.0 min |         wrong-answer: {'BLOCK_M': 64, 'BLOCK_N': 64, 'BLOCK_K': 128, 'num_warps': 16, 'num_stages': 3, 'GROUP_
17:21:00     [f11.a1]   18.0 min |         wrong-answer: {'BLOCK_M': 64, 'BLOCK_N': 64, 'BLOCK_K': 128, 'num_warps': 16, 'num_stages': 3, 'GROUP_
17:22:00     [f11.a1]   19.0 min |     [screen w13U/refine ]  23 offered ->  20 valid (3 compile-fail, 0 wrong-answer)
17:23:00     [f11.a1]   20.0 min |         wrong-answer: {'BLOCK_M': 64, 'BLOCK_N': 64, 'BLOCK_K': 128, 'num_warps': 16, 'num_stages': 2, 'GROUP_
17:24:00     [f11.a1]   21.0 min | please share the reproducer above with Triton project.
17:25:00     [f11.a1]   22.0 min |     %8 = arith.subi %2, %7 : 
17:25:41   [hw after ] GPU0 NVIDIA H200 | sm 1980/1980 MHz | mem 3201/3201 MHz | 48 C | 130.86/700 W | used 0/143771 MiB | util 0% | pstate P0 | throttle 0x0000000000000000
17:25:41   !! SM clock moved +473.9% during this family (345 -> 1980 MHz) -- interleaved A/B timing is what protects the ratio from this; check the bench recorded a paired statistic.
17:25:41   exit=0 status=ok wall=22.7 min
17:25:41     | decode_bs1024       1.951   2.34        --    n/a        --
17:25:41     | prefill_t2048       1.812   2.34     0.857   1.00     0.849
17:25:41     | prefill_t8192       1.455   2.34     0.500   1.01     0.505
17:25:41     | PARTIAL: 11/11 regimes produced rows; decode_bs1024: unmeasurable combined, f11a_w13, headline.moe
17:25:41   !! attempt 1 made no progress and the failing regime could not be identified from its log; stopping the f11 stage.
17:25:42   !! REFUSING TO MERGE: f11.json: missing. The staging tree has not produced a result for this family.
17:25:42 ============================================================================================
17:25:42 STAGE f06 -- measuring new regimes into the staging tree
17:25:42 ============================================================================================
17:25:42 ============================================================================================
17:25:42 f06 -- #6  UpGate+SwiGLU over 4 regime(s)
17:25:42 ============================================================================================
17:25:42 
17:25:42   attempt 1/6: 4 regime(s) to measure (decode_bs2, decode_bs4, decode_bs8, decode_bs16)
17:25:42   cmd     /usr/bin/python /home/guancheng/zsh/fusion/glm52_h200/bench/bench_f06_upgate_swiglu.py
17:25:42   log     /home/guancheng/zsh/fusion/log/run_bs_extra_h200/f06.a1.log
17:25:42   timeout 10.0 h
17:25:42   !! bench_f06_upgate_swiglu.py advertises no --regimes flag; the request was passed only via GLM52_REGIMES and may be ignored by this bench.
17:25:43   [hw before] GPU0 NVIDIA H200 | sm 765/1980 MHz | mem 3201/3201 MHz | 46 C | 90.59/700 W | used 0/143771 MiB | util 0% | pstate P0 | throttle 0x0000000000000001
17:26:43     [f06.a1]    1.0 min |   unfused-GEMM coarse best {'BLOCK_M': 16, 'BLOCK_N': 256, 'BLOCK_K': 128, 'num_warps': 2, 'num_stages': 2, 'G
17:27:43     [f06.a1]    2.0 min |     [screen fused/coarse] 200 offered -> 144 valid (56 compile-fail, 0 wrong-answer)
17:28:43     [f06.a1]    3.0 min |     [screen fused/coarse] 200 offered -> 144 valid (56 compile-fail, 0 wrong-answer)
17:29:43     [f06.a1]    4.0 min |   rel_err fused=2.817e-03 unfused=5.300e-03 agree=5.917e-03
17:30:43     [f06.a1]    5.0 min | /home/guancheng/zsh/fusion/glm52_h200/kernels/moe_gateup.py:506:0: note: Pipeline failed while executing [`NVG
17:31:43     [f06.a1]    6.0 min |   rel_err fused=2.369e-03 unfused=4.722e-03 agree=4.975e-03
17:32:43     [f06.a1]    7.0 min | /home/guancheng/zsh/fusion/glm52_h200/kernels/moe_gateup.py:506:0: note: Pipeline failed while executing [`NVG
17:33:43     [f06.a1]    8.0 min |     [screen unfusedGEMM/coarse] 200 offered -> 174 valid (26 compile-fail, 0 wrong-answer)
17:34:43     [f06.a1]    9.0 min |     [screen fused/coarse] 200 offered -> 144 valid (56 compile-fail, 0 wrong-answer)
17:35:43     [f06.a1]   10.0 min |     [screen unfusedGEMM/coarse] 200 offered -> 174 valid (26 compile-fail, 0 wrong-answer)
17:36:43     [f06.a1]   11.0 min |     [screen fused/coarse] 200 offered -> 144 valid (56 compile-fail, 0 wrong-answer)
17:37:43     [f06.a1]   12.0 min |     [screen unfusedGEMM/coarse] 200 offered -> 174 valid (26 compile-fail, 0 wrong-answer)
17:38:43     [f06.a1]   13.0 min |     [screen fused/coarse] 200 offered -> 153 valid (47 compile-fail, 0 wrong-answer)
17:39:43     [f06.a1]   14.0 min |     [screen unfusedGEMM/coarse] 200 offered -> 178 valid (22 compile-fail, 0 wrong-answer)
17:40:43     [f06.a1]   15.0 min | /home/guancheng/zsh/fusion/glm52_h200/kernels/moe_gateup.py:506:0: note: Pipeline failed while executing [`Tri
17:41:43     [f06.a1]   16.0 min |     [screen fused/coarse] 200 offered -> 153 valid (47 compile-fail, 0 wrong-answer)
17:42:43     [f06.a1]   17.0 min |     [screen unfusedGEMM/coarse] 200 offered -> 178 valid (22 compile-fail, 0 wrong-answer)
17:43:32   [hw after ] GPU0 NVIDIA H200 | sm 1980/1980 MHz | mem 3201/3201 MHz | 51 C | 132.88/700 W | used 4/143771 MiB | util 0% | pstate P0 | throttle 0x0000000000000000
17:43:32   !! SM clock moved +158.8% during this family (765 -> 1980 MHz) -- interleaved A/B timing is what protects the ratio from this; check the bench recorded a paired statistic.
17:43:32   exit=0 status=ok wall=17.8 min
17:43:32     | decode_bs512         2.8505     2.8825    1.012    14.5572   1.99e-03
17:43:32     | decode_bs1024        2.9740     2.9542    0.994     8.7913   2.29e-03
17:43:32     | prefill_t2048        3.2426     3.2892    1.014    13.9065   2.68e-03
17:43:32     | prefill_t8192        6.7528     6.8152    1.011    13.6236   2.23e-03
17:43:33   !! attempt 1 made no progress and the failing regime could not be identified from its log; stopping the f06 stage.
17:43:33   !! REFUSING TO MERGE: f06.json: missing. The staging tree has not produced a result for this family.
17:43:33 ============================================================================================
17:43:33 STAGE f08f09 -- measuring new regimes into the staging tree
17:43:33 ============================================================================================
17:43:33 ============================================================================================
17:43:33 f08f09 -- #8  Down+ExpertMerge / #9 Down+Merge+ResAdd2 over 4 regime(s)
17:43:33 ============================================================================================
17:43:33 
17:43:33   attempt 1/6: 4 regime(s) to measure (decode_bs2, decode_bs4, decode_bs8, decode_bs16)
17:43:33   cmd     /usr/bin/python /home/guancheng/zsh/fusion/glm52_h200/bench/bench_f08f09_down_merge_resadd.py
17:43:33   log     /home/guancheng/zsh/fusion/log/run_bs_extra_h200/f08f09.a1.log
17:43:33   timeout 14.0 h
17:43:33   !! bench_f08f09_down_merge_resadd.py advertises no --regimes flag; the request was passed only via GLM52_REGIMES and may be ignored by this bench.
17:43:34   [hw before] GPU0 NVIDIA H200 | sm 1980/1980 MHz | mem 3201/3201 MHz | 50 C | 134.02/700 W | used 4/143771 MiB | util 0% | pstate P0 | throttle 0x0000000000000000
17:44:34     [f08f09.a1]    1.0 min |     [tokmaj9/coarse]   8/8 cfgs timed -> 0.1038 ms  {'BLOCK_M': 16, 'BLOCK_N': 32, 'BLOCK_K': 256, 'num_warps'
17:45:34     [f08f09.a1]    2.0 min | /home/guancheng/zsh/fusion/glm52_h200/kernels/moe_down_merge.py:506:0: note: Pipeline failed while executing [
17:46:34     [f08f09.a1]    3.0 min | /home/guancheng/zsh/fusion/glm52_h200/kernels/moe_down_merge.py:506:0: note: Pipeline failed while executing [
17:47:34     [f08f09.a1]    4.0 min |     rel_err f9_token_major   3.322e-03 ok=True
17:48:34     [f08f09.a1]    5.0 min |     [screen atomicGEMM/coarse] 200 offered -> 160 valid (40 compile-fail, 0 wrong-answer)
17:49:34     [f08f09.a1]    6.0 min |     rel_err f9_token_major   3.206e-03 ok=True
17:50:34     [f08f09.a1]    7.0 min |     [screen atomicGEMM/coarse] 200 offered -> 160 valid (40 compile-fail, 0 wrong-answer)
17:51:34     [f08f09.a1]    8.0 min |     [screen tokmaj8/coarse] 243 offered -> 243 valid (0 compile-fail, 0 wrong-answer)
17:52:34     [f08f09.a1]    9.0 min |     [screen tokmaj8/coarse] 243 offered -> 243 valid (0 compile-fail, 0 wrong-answer)
17:53:34     [f08f09.a1]   10.0 min |     [screen tokmaj8/coarse] 243 offered -> 243 valid (0 compile-fail, 0 wrong-answer)
17:54:34     [f08f09.a1]   11.0 min |     [screen tokmaj9/refine]  15 offered ->  15 valid (0 compile-fail, 0 wrong-answer)
17:55:34     [f08f09.a1]   12.0 min |     [screen unfusedGEMM/coarse] 200 offered -> 174 valid (26 compile-fail, 0 wrong-answer)
17:56:34     [f08f09.a1]   13.0 min |     [screen tokmaj9/coarse]   8 offered ->   8 valid (0 compile-fail, 0 wrong-answer)
17:57:34     [f08f09.a1]   14.0 min |     [screen unfusedGEMM/refine]  40 offered ->  32 valid (8 compile-fail, 0 wrong-answer)
17:58:34     [f08f09.a1]   15.0 min |     [screen tokmaj8/refine]  28 offered ->  28 valid (0 compile-fail, 0 wrong-answer)
17:59:34     [f08f09.a1]   16.0 min |     [screen unfusedGEMM/coarse] 200 offered -> 178 valid (22 compile-fail, 0 wrong-answer)
18:00:34     [f08f09.a1]   17.0 min |     [screen tokmaj8/coarse]  30 offered ->  30 valid (0 compile-fail, 0 wrong-answer)
18:01:34     [f08f09.a1]   18.0 min |     rel_err f9_token_major   2.965e-03 ok=True
18:02:34     [f08f09.a1]   19.0 min |     [screen unfusedGEMM/coarse] 200 offered -> 178 valid (22 compile-fail, 0 wrong-answer)
18:03:34     [f08f09.a1]   20.0 min |     using 30 cfgs (warmup=1 rep=3)
18:04:34     [f08f09.a1]   21.0 min |     [screen tokmaj8/coarse]  30 offered ->  30 valid (0 compile-fail, 0 wrong-answer)
18:05:17   [hw after ] GPU0 NVIDIA H200 | sm 1980/1980 MHz | mem 3201/3201 MHz | 50 C | 134.17/700 W | used 0/143771 MiB | util 0% | pstate P0 | throttle 0x0000000000000000
18:05:17   exit=0 status=ok wall=21.7 min
18:05:17     | prefill_t8192   f8_atomic            4.4110     3.8326    0.870    14.6852   8.17e-03
18:05:17     | prefill_t8192   f8_token_major     347.6102     3.5855    0.010    14.6852   2.41e-03
18:05:17     | prefill_t8192   f9_atomic            4.4640     3.9228    0.879    14.6852   9.02e-03
18:05:17     | prefill_t8192   f9_token_major     347.6150     3.6669    0.011    14.6852   2.87e-03
18:05:17   !! attempt 1 made no progress and the failing regime could not be identified from its log; stopping the f08f09 stage.
18:05:18   !! REFUSING TO MERGE: f08f09.json: missing. The staging tree has not produced a result for this family.
11:26:23 ============================================================================================
11:26:23 PLAN
11:26:23 ============================================================================================
11:26:23   regimes          decode_bs2, decode_bs4, decode_bs8, decode_bs16
11:26:23   families         f03, f10, f01, f04f05, f11, f06, f08f09  + layer
11:26:23   family staging   /home/shuhan/fusion/results/h200/_bs_extra_rerun
11:26:23   layer staging    /home/shuhan/fusion/results/h200/_bs_extra_layer_rerun
11:26:23   merge target     /home/shuhan/fusion/results/h200/*.json
11:26:23   logs             /home/shuhan/fusion/log/run_bs_extra_h200
11:33:18 ============================================================================================
11:33:18 GPU SELECTION -- 8 card(s) on this host
11:33:18 ============================================================================================
11:33:18   rank idx   util   used GB   free GB proc  temp  state
11:33:18   -----------------------------------------------------
11:33:18      0   0     0%       0.0     139.8    0    29  idle
11:33:18      1   1     0%       0.0     139.8    0    34  idle
11:33:18      2   2     0%       0.0     139.8    0    33  idle
11:33:18      3   3     0%       0.0     139.8    0    30  idle
11:33:18      4   4     0%       0.0     139.8    0    32  idle
11:33:18      5   5     0%       0.0     139.8    0    33  idle
11:33:18      6   6     0%       0.0     139.8    0    34  idle
11:33:18      7   7     0%       0.0     139.8    0    30  idle
11:33:18        gpu 0  NVIDIA H200  uuid GPU-b2318e71-edbf-aa1b-dcf3-3cc3e6ea7db0
11:33:18        gpu 1  NVIDIA H200  uuid GPU-59aa5198-70aa-0e6f-16b9-a6d483af9c4e
11:33:18        gpu 2  NVIDIA H200  uuid GPU-3eb2bc50-6290-2508-4dc5-e01f05c85e5f
11:33:18        gpu 3  NVIDIA H200  uuid GPU-6c4cc3d3-e0bc-949d-16be-822af843e49f
11:33:18        gpu 4  NVIDIA H200  uuid GPU-c20464a7-77aa-f6f2-9a70-207c42f6b4a1
11:33:18        gpu 5  NVIDIA H200  uuid GPU-2c1d24fb-c9a6-9d6c-fa91-28ea2b50e17f
11:33:18        gpu 6  NVIDIA H200  uuid GPU-338e7fe0-5ca6-f37f-b9b6-ea4ea6c5358b
11:33:18        gpu 7  NVIDIA H200  uuid GPU-3aa19cef-f7a3-bd28-1b5e-2e6d8b8ca670
11:33:18 
11:33:18   [gpu] pinning GPU 7 (NVIDIA H200) uuid GPU-3aa19cef-f7a3-bd28-1b5e-2e6d8b8ca670
11:33:18   [gpu] --gpu 7 as requested
11:33:18   [gpu] every child gets CUDA_VISIBLE_DEVICES=7 and CUDA_DEVICE_ORDER=PCI_BUS_ID, so each one sees exactly this card as cuda:0 -- which is why no bench needed changing.
11:33:18 !! cached preflight does not describe the pinned GPU: same model but a different card (probe b2318e71-edbf-aa1b-dcf3-3cc3e6ea7db0, pinned 3aa19cef-f7a3-bd28-1b5e-2e6d8b8ca670) -- re-probing.
11:33:18     running preflight: /usr/bin/python /home/guancheng/zsh/fusion/glm52_h200/preflight.py --gpu 7
11:33:26     preflight exit=0, log -> /home/guancheng/zsh/fusion/log/run_bs_extra_h200/preflight.log
11:33:26 ============================================================================================
11:33:26 GLM-5.2 MoE fusion study -- H200 campaign
11:33:26 ============================================================================================
11:33:26   repo            /home/guancheng/zsh/fusion
11:33:26   results dir     /home/guancheng/zsh/fusion/results/h200
11:33:26   driver started  2026-08-10 11:33:26
11:33:26   gpu             7  uuid GPU-3aa19cef-f7a3-bd28-1b5e-2e6d8b8ca670  (--gpu 7 as requested)
11:33:26 
11:33:26   [device] NVIDIA H200  sm_90 | 132 SM | warp 32 | smem/block 232448 B | regs/SM 65536 | L2 60 MB | VRAM 139.8 GB
11:33:26   [stack]  torch 2.11.0+cu130 (cuda 13.0) | triton 3.6.0
11:33:26   [triton features, compiled AND launched] +baseline_elementwise +tl_dot_bf16 +warp_specialize_tl_range -warp_specialize_num_consumer_groups +tma_host_descriptor +tma_device_descriptor +thread_block_cluster_num_ctas
11:33:26   [calib]  copy_1024MB_GBs=4244  rmw_1024MB_GBs=4240  read_1024MB_GBs=4603  copy_2048MB_GBs=4249  rmw_2048MB_GBs=4253  read_2048MB_GBs=4652   cublas_4096x16384x6144_TFs=823.0  triton_4096x16384x6144_TFs=771.3  cublas_8192x16384x6144_TFs=719.2  triton_8192x16384x6144_TFs=692.5
11:33:26   [calib]  launch 10.46 us | timer tick 0.032 us (measured by preflight)
11:33:26   [capacity] expert weights 18.0 GB | fit=True | whole layer feasible=True
11:33:26 
11:33:26   [hwinfo@start] GPU0 NVIDIA H200 | sm 345/1980 MHz | mem 3201/3201 MHz | 29 C | 76.53/700 W | used 0/143771 MiB | util 0% | pstate P0 | throttle 0x0000000000000001
11:33:26   [hwinfo@start] GPU1 NVIDIA H200 | sm 345/1980 MHz | mem 3201/3201 MHz | 34 C | 78.78/700 W | used 0/143771 MiB | util 0% | pstate P0 | throttle 0x0000000000000001
11:33:26   [hwinfo@start] GPU2 NVIDIA H200 | sm 345/1980 MHz | mem 3201/3201 MHz | 33 C | 76.24/700 W | used 0/143771 MiB | util 0% | pstate P0 | throttle 0x0000000000000001
11:33:26   [hwinfo@start] GPU3 NVIDIA H200 | sm 345/1980 MHz | mem 3201/3201 MHz | 30 C | 77.3/700 W | used 0/143771 MiB | util 0% | pstate P0 | throttle 0x0000000000000001
11:33:26   [hwinfo@start] GPU4 NVIDIA H200 | sm 345/1980 MHz | mem 3201/3201 MHz | 32 C | 77.7/700 W | used 0/143771 MiB | util 0% | pstate P0 | throttle 0x0000000000000001
11:33:26   [hwinfo@start] GPU5 NVIDIA H200 | sm 345/1980 MHz | mem 3201/3201 MHz | 33 C | 75.37/700 W | used 0/143771 MiB | util 0% | pstate P0 | throttle 0x0000000000000001
11:33:26   [hwinfo@start] GPU6 NVIDIA H200 | sm 345/1980 MHz | mem 3201/3201 MHz | 34 C | 77.35/700 W | used 0/143771 MiB | util 0% | pstate P0 | throttle 0x0000000000000001
11:33:26   [hwinfo@start] GPU7 NVIDIA H200 | sm 345/1980 MHz | mem 3201/3201 MHz | 30 C | 77.85/700 W | used 0/143771 MiB | util 0% | pstate P0 | throttle 0x0000000000000001
11:33:26 
11:33:26   [gate] sm_90 confirmed (NVIDIA H200). Hopper paths (TMA, clusters, warp specialisation) are eligible; each is still chosen at RUNTIME from the probe.
11:33:27 ============================================================================================
11:33:27 STAGE f03 -- measuring new regimes into the staging tree
11:33:27 ============================================================================================
11:33:27 ============================================================================================
11:33:27 f03 -- #3  ResAdd+RMSNorm over 4 regime(s)
11:33:27 ============================================================================================
11:33:27   all 4 regime(s) in scope have rows; f03 is done.
11:33:28   [merge] backup -> f03_resadd_rmsnorm.pre_bs_extra_20260810_113328.json
11:33:28   [merge] appended 4 row(s) to f03_resadd_rmsnorm.json.
11:33:28 ============================================================================================
11:33:28 STAGE f10 -- measuring new regimes into the staging tree
11:33:28 ============================================================================================
11:33:28 ============================================================================================
11:33:28 f10 -- #10 ExpertMerge+ResAdd over 4 regime(s)
11:33:28 ============================================================================================
11:33:28   all 4 regime(s) in scope have rows; f10 is done.
11:33:28   [merge] backup -> f10_merge_resadd.pre_bs_extra_20260810_113328.json
11:33:29   [merge] appended 4 row(s) to f10_merge_resadd.json.
11:33:29 ============================================================================================
11:33:29 STAGE f01 -- measuring new regimes into the staging tree
11:33:29 ============================================================================================
11:33:29 ============================================================================================
11:33:29 f01 -- #1  o_proj+ResAdd over 4 regime(s)
11:33:29 ============================================================================================
11:33:29   all 4 regime(s) in scope have rows; f01 is done.
11:33:29   [merge] backup -> f01_oproj_resadd.pre_bs_extra_20260810_113329.json
11:33:30   [merge] appended 4 row(s) to f01_oproj_resadd.json.
11:33:30 ============================================================================================
11:33:30 STAGE f04f05 -- measuring new regimes into the staging tree
11:33:30 ============================================================================================
11:33:30 ============================================================================================
11:33:30 f04f05 -- #4  ResAdd+RMSNorm+Router / #5 RMSNorm+Router over 4 regime(s)
11:33:30 ============================================================================================
11:33:30   all 4 regime(s) in scope have rows; f04f05 is done.
11:33:31   [merge] backup -> f04f05_norm_router.pre_bs_extra_20260810_113331.json
11:33:31   [merge] appended 16 row(s) to f04f05_norm_router.json.
11:33:31 ============================================================================================
11:33:31 STAGE f11 -- measuring new regimes into the staging tree
11:33:31 ============================================================================================
11:33:31 ============================================================================================
11:33:31 f11 -- #11a LazyPreNorm->w13 / #11b LazyPreNorm->router over 4 regime(s)
11:33:31 ============================================================================================
11:33:31   all 4 regime(s) in scope have rows; f11 is done.
11:33:32   [merge] backup -> f11_lazy_prenorm.pre_bs_extra_20260810_113332.json
11:33:32   [merge] appended 4 row(s) to f11_lazy_prenorm.json.
11:33:32 ============================================================================================
11:33:32 STAGE f06 -- measuring new regimes into the staging tree
11:33:32 ============================================================================================
11:33:32 ============================================================================================
11:33:32 f06 -- #6  UpGate+SwiGLU over 4 regime(s)
11:33:32 ============================================================================================
11:33:32   all 4 regime(s) in scope have rows; f06 is done.
11:33:33   [merge] backup -> f06_upgate_swiglu.pre_bs_extra_20260810_113333.json
11:33:33   [merge] appended 4 row(s) to f06_upgate_swiglu.json.
11:33:33 ============================================================================================
11:33:33 STAGE f08f09 -- measuring new regimes into the staging tree
11:33:33 ============================================================================================
11:33:33 ============================================================================================
11:33:33 f08f09 -- #8  Down+ExpertMerge / #9 Down+Merge+ResAdd2 over 4 regime(s)
11:33:33 ============================================================================================
11:33:33   all 4 regime(s) in scope have rows; f08f09 is done.
11:33:34   [merge] backup -> f08f09_down_merge_resadd.pre_bs_extra_20260810_113334.json
11:33:34   [merge] appended 16 row(s) to f08f09_down_merge_resadd.json.
11:33:34 !! RUN ABORTED: TypeError: run_layer_stage() missing 1 required positional argument: 'warnings'
11:33:34 Traceback (most recent call last):
  File "/home/guancheng/zsh/fusion/run_bs_extra_h200.py", line 915, in main
    layer_stage = run_layer_stage(log, args, layer_script, layer_staging,
TypeError: run_layer_stage() missing 1 required positional argument: 'warnings'

11:33:35 ============================================================================================
11:33:35 STATUS -- family x regime
11:33:35 ============================================================================================
11:33:35   family          d2      d4      d8     d16
11:33:35   ----------------------------------------------------------------------------------------------------
11:33:35   f03         merged  merged  merged  merged
11:33:35   f10         merged  merged  merged  merged
11:33:35   f01         merged  merged  merged  merged
11:33:35   f04f05      merged  merged  merged  merged
11:33:35   f11         merged  merged  merged  merged
11:33:35   f06         merged  merged  merged  merged
11:33:35   f08f09      merged  merged  merged  merged
11:33:35 
11:33:35   merged = rows appended into the campaign file; MISS = no row produced; quart = quarantined
11:33:35 
11:33:35 ============================================================================================
11:33:35 SEND BACK
11:33:35 ============================================================================================
11:33:35   1. the whole results dir (or at least the merged *.json + the two staging trees)
11:33:35   2. this log dir
