# /usr/bin/python /home/guancheng/zsh/fusion/glm52_h200/bench/bench_f10_merge_resadd.py
# started 2026-08-07 16:23:33
/home/guancheng/.local/lib/python3.10/site-packages/torch/_subclasses/functional_tensor.py:307: UserWarning: Failed to initialize NumPy: No module named 'numpy' (Triggered internally at /pytorch/torch/csrc/utils/tensor_numpy.cpp:84.)
  cpu = _conversion_method_template(device=torch.device("cpu"))
[harness] NVIDIA H200 sm9.0 | 132 SM | L2 60 MB | flush 256 MB | tick 3.2e-05 ms | hopper feats [tma,clusters,warp_specialize] | preflight ok | results -> /home/guancheng/zsh/fusion/results/h200/_bs_extra_rerun
[hw] NVIDIA H200  sm_90  132 SM  140 GB  uuid b2318e71-edbf-aa1b-d
[hw] driver 580.173.02  vbios 96.00.A5.00.03  cuda 13.0  torch 2.11.0+cu130  triton 3.6.0  python 3.10.12
[hw] clocks SM 1980 MHz / 1980 MHz max (100%)  MEM 3201 MHz / 3201 MHz max (100%)  -> unlocked
[hw] pstate P0  power 119.43 W of 700.00 W  temp 34 C (mem 31)  util 0 %
[hw] ecc Enabled  mig Disabled  persistence Enabled  compute-mode Default  pcie gen5x16
[hw] host hgx-h200-233  192 cpu  visible GPUs 1  CUDA_VISIBLE_DEVICES=0
[hw] physical GPU: nvidia-smi index 0  cuda ordinal 0  matched by uuid  order=PCI_BUS_ID
[hw] clock basis: application clocks equal their defaults
[env] NVIDIA H200 (sm_90) | 132 SM | warp 32 | smem 232448 B | regs/SM 65536 | threads/SM 2048 | L2 60 MB | HBM 139 GB | torch 2.11.0+cu130 triton 3.6.0 cuda 13.0
[preflight] 2026-08-07 10:30:37 | baseline_elementwise=ok, tl_dot_bf16=ok, warp_specialize_tl_range=ok, warp_specialize_num_consumer_groups=no, tma_host_descriptor=ok, tma_device_descriptor=ok, thread_block_cluster_num_ctas=ok
[preflight] timer tick 0.032 us | launch 10.317714618785041 us | L2 60 MB
[smem] ceiling 232448 B | staging model max(2, num_stages - 0) * 2*BK*(BM+BN) (fitted to 5 preflight smem_probe observations)
[hopper] NVIDIA H200 (sm_90) gpu=b2318e71 | tma=True(device) ws=True(range) clusters=True wgmma=True | src preflight | probe skipped
[calib] B4 gate: preflight trusted; live floor 2.88 us, launch 9.29 us
  == decode_bs1 (T=1) ==
    [h200 axes] none offered for glm52_h200.kernels.merge_resadd: grids are the classic ones
    [screen fused/coarse] 188 offered -> 188 valid (0 compile-fail, 0 wrong-answer)
    [fused/coarse] 188/188 cfgs timed -> 0.0066 ms  {'ROWS': 4, 'BLOCK_N': 1024, 'num_warps': 32, 'num_stages': 2, 'KVEC': 0, 'UNROLL': 1, 'grid_cap': None}  [1s]
    [screen fused/refine]  62 offered ->  62 valid (0 compile-fail, 0 wrong-answer)
    [fused/refine]  62/62 cfgs timed -> 0.0065 ms  {'ROWS': 4, 'BLOCK_N': 1024, 'num_warps': 32, 'num_stages': 2, 'KVEC': 0, 'UNROLL': 1, 'grid_cap': 132, 'EVICT': 1}  [5s]
    [fused] coarse 188 cfgs (0 rej) -> 0.0066 ms | refine 62 (0 rej) -> 0.0065 ms | best 0.0065 ms {'ROWS': 4, 'BLOCK_N': 1024, 'num_warps': 32, 'num_stages': 2, 'KVEC': 0, 'UNROLL': 1, 'grid_cap': 132, 'EVICT': 1}  [6s]
    [screen merge/coarse] 188 offered -> 188 valid (0 compile-fail, 0 wrong-answer)
    [merge/coarse] 188/188 cfgs timed -> 0.0063 ms  {'ROWS': 2, 'BLOCK_N': 256, 'num_warps': 1, 'num_stages': 1, 'KVEC': 0, 'UNROLL': 1, 'grid_cap': None}  [1s]
    [screen merge/refine]  62 offered ->  62 valid (0 compile-fail, 0 wrong-answer)
    [merge/refine]  62/62 cfgs timed -> 0.0068 ms  {'ROWS': 2, 'BLOCK_N': 256, 'num_warps': 1, 'num_stages': 2, 'KVEC': 0, 'UNROLL': 1, 'grid_cap': None, 'EVICT': 1}  [4s]
    [merge] coarse 188 cfgs (0 rej) -> 0.0063 ms | refine 62 (0 rej) -> 0.0068 ms | best 0.0063 ms {'ROWS': 2, 'BLOCK_N': 256, 'num_warps': 1, 'num_stages': 1, 'KVEC': 0, 'UNROLL': 1, 'grid_cap': None}  [5s]
    [screen resadd/coarse] 188 offered -> 188 valid (0 compile-fail, 0 wrong-answer)
    [resadd/coarse] 188/188 cfgs timed -> 0.0063 ms  {'ROWS': 2, 'BLOCK_N': 512, 'num_warps': 4, 'num_stages': 2, 'KVEC': 1, 'UNROLL': 1, 'grid_cap': None}  [1s]
    [screen resadd/refine]  68 offered ->  68 valid (0 compile-fail, 0 wrong-answer)
    [resadd/refine]  68/68 cfgs timed -> 0.0061 ms  {'ROWS': 1, 'BLOCK_N': 512, 'num_warps': 4, 'num_stages': 2, 'KVEC': 1, 'UNROLL': 1, 'grid_cap': 1056, 'EVICT': 1}  [4s]
    [resadd] coarse 188 cfgs (0 rej) -> 0.0063 ms | refine 68 (0 rej) -> 0.0061 ms | best 0.0061 ms {'ROWS': 1, 'BLOCK_N': 512, 'num_warps': 4, 'num_stages': 2, 'KVEC': 1, 'UNROLL': 1, 'grid_cap': 1056, 'EVICT': 1}  [5s]
    [chain] joint 16 pairs -> 0.0495 ms (independent-best sum would be 0.0124 ms)
    fused 0.0678 ms (2 GB/s) | unfused 0.1420 ms (1 GB/s) | paired 2.115x (558% of 1.20x) | eager 0.1336 | compile 0.0327
  == decode_bs2 (T=2) ==
    [screen fused/coarse] 188 offered -> 188 valid (0 compile-fail, 0 wrong-answer)
    [fused/coarse] 188/188 cfgs timed -> 0.0081 ms  {'ROWS': 4, 'BLOCK_N': 256, 'num_warps': 1, 'num_stages': 1, 'KVEC': 0, 'UNROLL': 1, 'grid_cap': None}  [1s]
    [screen fused/refine]  44 offered ->  44 valid (0 compile-fail, 0 wrong-answer)
    [fused/refine]  44/44 cfgs timed -> 0.0084 ms  {'ROWS': 8, 'BLOCK_N': 256, 'num_warps': 2, 'num_stages': 1, 'KVEC': 0, 'UNROLL': 1, 'grid_cap': None, 'EVICT': 1}  [4s]
    [fused] coarse 188 cfgs (0 rej) -> 0.0081 ms | refine 44 (0 rej) -> 0.0084 ms | best 0.0081 ms {'ROWS': 4, 'BLOCK_N': 256, 'num_warps': 1, 'num_stages': 1, 'KVEC': 0, 'UNROLL': 1, 'grid_cap': None}  [5s]
    [screen merge/coarse] 188 offered -> 188 valid (0 compile-fail, 0 wrong-answer)
    [merge/coarse] 188/188 cfgs timed -> 0.0076 ms  {'ROWS': 4, 'BLOCK_N': 256, 'num_warps': 8, 'num_stages': 1, 'KVEC': 0, 'UNROLL': 1, 'grid_cap': None}  [1s]
    [screen merge/refine]  66 offered ->  66 valid (0 compile-fail, 0 wrong-answer)
    [merge/refine]  66/66 cfgs timed -> 0.0088 ms  {'ROWS': 8, 'BLOCK_N': 256, 'num_warps': 4, 'num_stages': 1, 'KVEC': 0, 'UNROLL': 1, 'grid_cap': None, 'EVICT': 1}  [8s]
    [merge] coarse 188 cfgs (0 rej) -> 0.0076 ms | refine 66 (0 rej) -> 0.0088 ms | best 0.0076 ms {'ROWS': 4, 'BLOCK_N': 256, 'num_warps': 8, 'num_stages': 1, 'KVEC': 0, 'UNROLL': 1, 'grid_cap': None}  [9s]
    [screen resadd/coarse] 188 offered -> 188 valid (0 compile-fail, 0 wrong-answer)
    [resadd/coarse] 188/188 cfgs timed -> 0.0074 ms  {'ROWS': 2, 'BLOCK_N': 1024, 'num_warps': 2, 'num_stages': 1, 'KVEC': 0, 'UNROLL': 1, 'grid_cap': None}  [1s]
    [screen resadd/refine]  64 offered ->  64 valid (0 compile-fail, 0 wrong-answer)
    [resadd/refine]  64/64 cfgs timed -> 0.0052 ms  {'ROWS': 1, 'BLOCK_N': 512, 'num_warps': 1, 'num_stages': 1, 'KVEC': 0, 'UNROLL': 1, 'grid_cap': None}  [0s]
    [resadd] coarse 188 cfgs (0 rej) -> 0.0074 ms | refine 64 (0 rej) -> 0.0052 ms | best 0.0052 ms {'ROWS': 1, 'BLOCK_N': 512, 'num_warps': 1, 'num_stages': 1, 'KVEC': 0, 'UNROLL': 1, 'grid_cap': None}  [1s]
    [chain] joint 16 pairs -> 0.0532 ms (independent-best sum would be 0.0128 ms)
    fused 0.0556 ms (4 GB/s) | unfused 0.1239 ms (2 GB/s) | paired 2.235x (618% of 1.20x) | eager 0.1617 | compile 0.0460
  == decode_bs4 (T=4) ==
    [screen fused/coarse] 188 offered -> 188 valid (0 compile-fail, 0 wrong-answer)
    [fused/coarse] 188/188 cfgs timed -> 0.0084 ms  {'ROWS': 8, 'BLOCK_N': 512, 'num_warps': 8, 'num_stages': 1, 'KVEC': 0, 'UNROLL': 1, 'grid_cap': None}  [1s]
    [screen fused/refine]  90 offered ->  90 valid (0 compile-fail, 0 wrong-answer)
    [fused/refine]  90/90 cfgs timed -> 0.0082 ms  {'ROWS': 8, 'BLOCK_N': 512, 'num_warps': 16, 'num_stages': 1, 'KVEC': 0, 'UNROLL': 1, 'grid_cap': None, 'EVICT': 1}  [12s]
    [fused] coarse 188 cfgs (0 rej) -> 0.0084 ms | refine 90 (0 rej) -> 0.0082 ms | best 0.0082 ms {'ROWS': 8, 'BLOCK_N': 512, 'num_warps': 16, 'num_stages': 1, 'KVEC': 0, 'UNROLL': 1, 'grid_cap': None, 'EVICT': 1}  [13s]
    [screen merge/coarse] 188 offered -> 188 valid (0 compile-fail, 0 wrong-answer)
    [merge/coarse] 188/188 cfgs timed -> 0.0080 ms  {'ROWS': 1, 'BLOCK_N': 256, 'num_warps': 2, 'num_stages': 1, 'KVEC': 1, 'UNROLL': 1, 'grid_cap': None}  [1s]
    [screen merge/refine]  52 offered ->  52 valid (0 compile-fail, 0 wrong-answer)
    [merge/refine]  52/52 cfgs timed -> 0.0095 ms  {'ROWS': 1, 'BLOCK_N': 256, 'num_warps': 2, 'num_stages': 1, 'KVEC': 1, 'UNROLL': 0, 'grid_cap': None, 'EVICT': 1}  [4s]
    [merge] coarse 188 cfgs (0 rej) -> 0.0080 ms | refine 52 (0 rej) -> 0.0095 ms | best 0.0080 ms {'ROWS': 1, 'BLOCK_N': 256, 'num_warps': 2, 'num_stages': 1, 'KVEC': 1, 'UNROLL': 1, 'grid_cap': None}  [5s]
    [screen resadd/coarse] 188 offered -> 188 valid (0 compile-fail, 0 wrong-answer)
    [resadd/coarse] 188/188 cfgs timed -> 0.0083 ms  {'ROWS': 4, 'BLOCK_N': 1024, 'num_warps': 32, 'num_stages': 1, 'KVEC': 0, 'UNROLL': 1, 'grid_cap': None}  [1s]
    [screen resadd/refine]  62 offered ->  62 valid (0 compile-fail, 0 wrong-answer)
    [resadd/refine]  62/62 cfgs timed -> 0.0068 ms  {'ROWS': 4, 'BLOCK_N': 1024, 'num_warps': 32, 'num_stages': 1, 'KVEC': 0, 'UNROLL': 0, 'grid_cap': None}  [1s]
    [resadd] coarse 188 cfgs (0 rej) -> 0.0083 ms | refine 62 (0 rej) -> 0.0068 ms | best 0.0068 ms {'ROWS': 4, 'BLOCK_N': 1024, 'num_warps': 32, 'num_stages': 1, 'KVEC': 0, 'UNROLL': 0, 'grid_cap': None}  [2s]
    [chain] joint 16 pairs -> 0.0506 ms (independent-best sum would be 0.0148 ms)
    fused 0.0660 ms (7 GB/s) | unfused 0.1395 ms (4 GB/s) | paired 2.145x (572% of 1.20x) | eager 0.1400 | compile 0.0425
  == decode_bs8 (T=8) ==
    [screen fused/coarse] 188 offered -> 188 valid (0 compile-fail, 0 wrong-answer)
    [fused/coarse] 188/188 cfgs timed -> 0.0086 ms  {'ROWS': 4, 'BLOCK_N': 512, 'num_warps': 8, 'num_stages': 1, 'KVEC': 0, 'UNROLL': 1, 'grid_cap': None}  [1s]
    [screen fused/refine]  94 offered ->  94 valid (0 compile-fail, 0 wrong-answer)
    [fused/refine]  94/94 cfgs timed -> 0.0087 ms  {'ROWS': 4, 'BLOCK_N': 256, 'num_warps': 8, 'num_stages': 1, 'KVEC': 1, 'UNROLL': 1, 'grid_cap': None}  [2s]
    [fused] coarse 188 cfgs (0 rej) -> 0.0086 ms | refine 94 (0 rej) -> 0.0087 ms | best 0.0086 ms {'ROWS': 4, 'BLOCK_N': 512, 'num_warps': 8, 'num_stages': 1, 'KVEC': 0, 'UNROLL': 1, 'grid_cap': None}  [3s]
    [screen merge/coarse] 188 offered -> 188 valid (0 compile-fail, 0 wrong-answer)
    [merge/coarse] 188/188 cfgs timed -> 0.0087 ms  {'ROWS': 4, 'BLOCK_N': 2048, 'num_warps': 16, 'num_stages': 2, 'KVEC': 0, 'UNROLL': 1, 'grid_cap': None}  [1s]
    [screen merge/refine]  90 offered ->  90 valid (0 compile-fail, 0 wrong-answer)
    [merge/refine]  90/90 cfgs timed -> 0.0092 ms  {'ROWS': 2, 'BLOCK_N': 2048, 'num_warps': 32, 'num_stages': 2, 'KVEC': 0, 'UNROLL': 1, 'grid_cap': None, 'EVICT': 1}  [6s]
    [merge] coarse 188 cfgs (0 rej) -> 0.0087 ms | refine 90 (0 rej) -> 0.0092 ms | best 0.0087 ms {'ROWS': 4, 'BLOCK_N': 2048, 'num_warps': 16, 'num_stages': 2, 'KVEC': 0, 'UNROLL': 1, 'grid_cap': None}  [7s]
    [screen resadd/coarse] 188 offered -> 188 valid (0 compile-fail, 0 wrong-answer)
    [resadd/coarse] 188/188 cfgs timed -> 0.0078 ms  {'ROWS': 4, 'BLOCK_N': 256, 'num_warps': 8, 'num_stages': 2, 'KVEC': 1, 'UNROLL': 1, 'grid_cap': None}  [1s]
    [screen resadd/refine]  58 offered ->  58 valid (0 compile-fail, 0 wrong-answer)
    [resadd/refine]  58/58 cfgs timed -> 0.0081 ms  {'ROWS': 4, 'BLOCK_N': 256, 'num_warps': 8, 'num_stages': 2, 'KVEC': 1, 'UNROLL': 1, 'grid_cap': None, 'EVICT': 1}  [2s]
    [resadd] coarse 188 cfgs (0 rej) -> 0.0078 ms | refine 58 (0 rej) -> 0.0081 ms | best 0.0078 ms {'ROWS': 4, 'BLOCK_N': 256, 'num_warps': 8, 'num_stages': 2, 'KVEC': 1, 'UNROLL': 1, 'grid_cap': None}  [3s]
    [chain] joint 16 pairs -> 0.0520 ms (independent-best sum would be 0.0165 ms)
    fused 0.0681 ms (14 GB/s) | unfused 0.1436 ms (8 GB/s) | paired 2.165x (582% of 1.20x) | eager 0.1619 | compile 0.0730
  == decode_bs16 (T=16) ==
    [screen fused/coarse] 188 offered -> 188 valid (0 compile-fail, 0 wrong-answer)
    [fused/coarse] 188/188 cfgs timed -> 0.0087 ms  {'ROWS': 8, 'BLOCK_N': 512, 'num_warps': 4, 'num_stages': 2, 'KVEC': 0, 'UNROLL': 1, 'grid_cap': None}  [1s]
    [screen fused/refine]  64 offered ->  64 valid (0 compile-fail, 0 wrong-answer)
    [fused/refine]  64/64 cfgs timed -> 0.0071 ms  {'ROWS': 4, 'BLOCK_N': 256, 'num_warps': 2, 'num_stages': 2, 'KVEC': 0, 'UNROLL': 1, 'grid_cap': None}  [5s]
    [fused] coarse 188 cfgs (0 rej) -> 0.0087 ms | refine 64 (0 rej) -> 0.0071 ms | best 0.0071 ms {'ROWS': 4, 'BLOCK_N': 256, 'num_warps': 2, 'num_stages': 2, 'KVEC': 0, 'UNROLL': 1, 'grid_cap': None}  [6s]
    [screen merge/coarse] 188 offered -> 188 valid (0 compile-fail, 0 wrong-answer)
    [merge/coarse] 188/188 cfgs timed -> 0.0079 ms  {'ROWS': 1, 'BLOCK_N': 2048, 'num_warps': 8, 'num_stages': 1, 'KVEC': 0, 'UNROLL': 1, 'grid_cap': None}  [1s]
    [screen merge/refine]  72 offered ->  72 valid (0 compile-fail, 0 wrong-answer)
    [merge/refine]  72/72 cfgs timed -> 0.0085 ms  {'ROWS': 1, 'BLOCK_N': 2048, 'num_warps': 16, 'num_stages': 1, 'KVEC': 0, 'UNROLL': 1, 'grid_cap': None, 'EVICT': 1}  [5s]
    [merge] coarse 188 cfgs (0 rej) -> 0.0079 ms | refine 72 (0 rej) -> 0.0085 ms | best 0.0079 ms {'ROWS': 1, 'BLOCK_N': 2048, 'num_warps': 8, 'num_stages': 1, 'KVEC': 0, 'UNROLL': 1, 'grid_cap': None}  [6s]
    [screen resadd/coarse] 188 offered -> 188 valid (0 compile-fail, 0 wrong-answer)
    [resadd/coarse] 188/188 cfgs timed -> 0.0077 ms  {'ROWS': 2, 'BLOCK_N': 2048, 'num_warps': 32, 'num_stages': 2, 'KVEC': 0, 'UNROLL': 1, 'grid_cap': None}  [1s]
    [screen resadd/refine]  62 offered ->  62 valid (0 compile-fail, 0 wrong-answer)
    [resadd/refine]  62/62 cfgs timed -> 0.0085 ms  {'ROWS': 2, 'BLOCK_N': 4096, 'num_warps': 16, 'num_stages': 2, 'KVEC': 0, 'UNROLL': 1, 'grid_cap': None, 'EVICT': 1}  [3s]
    [resadd] coarse 188 cfgs (0 rej) -> 0.0077 ms | refine 62 (0 rej) -> 0.0085 ms | best 0.0077 ms {'ROWS': 2, 'BLOCK_N': 2048, 'num_warps': 32, 'num_stages': 2, 'KVEC': 0, 'UNROLL': 1, 'grid_cap': None}  [4s]
    [chain] joint 16 pairs -> 0.0511 ms (independent-best sum would be 0.0156 ms)
    fused 0.0632 ms (31 GB/s) | unfused 0.1369 ms (17 GB/s) | paired 2.161x (580% of 1.20x) | eager 0.1433 | compile 0.0685
  == decode_bs32 (T=32) ==
    [screen fused/coarse] 188 offered -> 188 valid (0 compile-fail, 0 wrong-answer)
    [fused/coarse] 188/188 cfgs timed -> 0.0086 ms  {'ROWS': 4, 'BLOCK_N': 1024, 'num_warps': 8, 'num_stages': 2, 'KVEC': 0, 'UNROLL': 1, 'grid_cap': None}  [1s]
    [screen fused/refine]  90 offered ->  90 valid (0 compile-fail, 0 wrong-answer)
    [fused/refine]  90/90 cfgs timed -> 0.0083 ms  {'ROWS': 2, 'BLOCK_N': 2048, 'num_warps': 8, 'num_stages': 2, 'KVEC': 0, 'UNROLL': 1, 'grid_cap': None}  [4s]
    [fused] coarse 188 cfgs (0 rej) -> 0.0086 ms | refine 90 (0 rej) -> 0.0083 ms | best 0.0083 ms {'ROWS': 2, 'BLOCK_N': 2048, 'num_warps': 8, 'num_stages': 2, 'KVEC': 0, 'UNROLL': 1, 'grid_cap': None}  [5s]
    [screen merge/coarse] 188 offered -> 188 valid (0 compile-fail, 0 wrong-answer)
    [merge/coarse] 188/188 cfgs timed -> 0.0080 ms  {'ROWS': 1, 'BLOCK_N': 4096, 'num_warps': 32, 'num_stages': 1, 'KVEC': 0, 'UNROLL': 1, 'grid_cap': None}  [1s]
    [screen merge/refine]  46 offered ->  46 valid (0 compile-fail, 0 wrong-answer)
    [merge/refine]  46/46 cfgs timed -> 0.0084 ms  {'ROWS': 2, 'BLOCK_N': 2048, 'num_warps': 32, 'num_stages': 1, 'KVEC': 0, 'UNROLL': 1, 'grid_cap': None, 'EVICT': 1}  [3s]
    [merge] coarse 188 cfgs (0 rej) -> 0.0080 ms | refine 46 (0 rej) -> 0.0084 ms | best 0.0080 ms {'ROWS': 1, 'BLOCK_N': 4096, 'num_warps': 32, 'num_stages': 1, 'KVEC': 0, 'UNROLL': 1, 'grid_cap': None}  [4s]
    [screen resadd/coarse] 188 offered -> 188 valid (0 compile-fail, 0 wrong-answer)
    [resadd/coarse] 188/188 cfgs timed -> 0.0066 ms  {'ROWS': 4, 'BLOCK_N': 1024, 'num_warps': 16, 'num_stages': 1, 'KVEC': 1, 'UNROLL': 1, 'grid_cap': None}  [1s]
    [screen resadd/refine]  64 offered ->  64 valid (0 compile-fail, 0 wrong-answer)
    [resadd/refine]  64/64 cfgs timed -> 0.0075 ms  {'ROWS': 2, 'BLOCK_N': 1024, 'num_warps': 8, 'num_stages': 1, 'KVEC': 1, 'UNROLL': 1, 'grid_cap': None, 'EVICT': 1}  [3s]
    [resadd] coarse 188 cfgs (0 rej) -> 0.0066 ms | refine 64 (0 rej) -> 0.0075 ms | best 0.0066 ms {'ROWS': 4, 'BLOCK_N': 1024, 'num_warps': 16, 'num_stages': 1, 'KVEC': 1, 'UNROLL': 1, 'grid_cap': None}  [4s]
    [chain] joint 16 pairs -> 0.0525 ms (independent-best sum would be 0.0146 ms)
    fused 0.0551 ms (71 GB/s) | unfused 0.1242 ms (38 GB/s) | paired 2.244x (622% of 1.20x) | eager 0.1429 | compile 0.0660
  == decode_bs256 (T=256) ==
    [screen fused/coarse] 188 offered -> 188 valid (0 compile-fail, 0 wrong-answer)
    [fused/coarse] 188/188 cfgs timed -> 0.0147 ms  {'ROWS': 1, 'BLOCK_N': 256, 'num_warps': 1, 'num_stages': 2, 'KVEC': 1, 'UNROLL': 1, 'grid_cap': None}  [1s]
    [screen fused/refine]  34 offered ->  34 valid (0 compile-fail, 0 wrong-answer)
    [fused/refine]  34/34 cfgs timed -> 0.0137 ms  {'ROWS': 1, 'BLOCK_N': 256, 'num_warps': 1, 'num_stages': 1, 'KVEC': 1, 'UNROLL': 1, 'grid_cap': None, 'EVICT': 1}  [0s]
    [fused] coarse 188 cfgs (0 rej) -> 0.0147 ms | refine 34 (0 rej) -> 0.0137 ms | best 0.0137 ms {'ROWS': 1, 'BLOCK_N': 256, 'num_warps': 1, 'num_stages': 1, 'KVEC': 1, 'UNROLL': 1, 'grid_cap': None, 'EVICT': 1}  [1s]
    [screen merge/coarse] 188 offered -> 188 valid (0 compile-fail, 0 wrong-answer)
    [merge/coarse] 188/188 cfgs timed -> 0.0139 ms  {'ROWS': 1, 'BLOCK_N': 256, 'num_warps': 1, 'num_stages': 1, 'KVEC': 1, 'UNROLL': 1, 'grid_cap': None}  [1s]
    [screen merge/refine]  34 offered ->  34 valid (0 compile-fail, 0 wrong-answer)
    [merge/refine]  34/34 cfgs timed -> 0.0135 ms  {'ROWS': 1, 'BLOCK_N': 256, 'num_warps': 1, 'num_stages': 1, 'KVEC': 1, 'UNROLL': 1, 'grid_cap': 2112, 'EVICT': 1}  [1s]
    [merge] coarse 188 cfgs (0 rej) -> 0.0139 ms | refine 34 (0 rej) -> 0.0135 ms | best 0.0135 ms {'ROWS': 1, 'BLOCK_N': 256, 'num_warps': 1, 'num_stages': 1, 'KVEC': 1, 'UNROLL': 1, 'grid_cap': 2112, 'EVICT': 1}  [1s]
    [screen resadd/coarse] 188 offered -> 188 valid (0 compile-fail, 0 wrong-answer)
    [resadd/coarse] 188/188 cfgs timed -> 0.0088 ms  {'ROWS': 1, 'BLOCK_N': 2048, 'num_warps': 4, 'num_stages': 1, 'KVEC': 0, 'UNROLL': 1, 'grid_cap': None}  [1s]
    [screen resadd/refine]  64 offered ->  64 valid (0 compile-fail, 0 wrong-answer)
    [resadd/refine]  64/64 cfgs timed -> 0.0088 ms  {'ROWS': 1, 'BLOCK_N': 2048, 'num_warps': 2, 'num_stages': 1, 'KVEC': 0, 'UNROLL': 1, 'grid_cap': None, 'EVICT': 1}  [3s]
    [resadd] coarse 188 cfgs (0 rej) -> 0.0088 ms | refine 64 (0 rej) -> 0.0088 ms | best 0.0088 ms {'ROWS': 1, 'BLOCK_N': 2048, 'num_warps': 4, 'num_stages': 1, 'KVEC': 0, 'UNROLL': 1, 'grid_cap': None}  [4s]
    [chain] joint 16 pairs -> 0.0516 ms (independent-best sum would be 0.0223 ms)
    fused 0.0925 ms (340 GB/s) | unfused 0.1851 ms (204 GB/s) | paired 1.981x (491% of 1.20x) | eager 0.1885 | compile 0.0854
  == decode_bs512 (T=512) ==
    [screen fused/coarse] 188 offered -> 188 valid (0 compile-fail, 0 wrong-answer)
    [fused/coarse] 188/188 cfgs timed -> 0.0223 ms  {'ROWS': 1, 'BLOCK_N': 256, 'num_warps': 1, 'num_stages': 2, 'KVEC': 0, 'UNROLL': 1, 'grid_cap': None}  [1s]
    [screen fused/refine]  50 offered ->  50 valid (0 compile-fail, 0 wrong-answer)
    [fused/refine]  50/50 cfgs timed -> 0.0207 ms  {'ROWS': 1, 'BLOCK_N': 512, 'num_warps': 2, 'num_stages': 2, 'KVEC': 0, 'UNROLL': 1, 'grid_cap': None, 'EVICT': 1}  [2s]
    [fused] coarse 188 cfgs (0 rej) -> 0.0223 ms | refine 50 (0 rej) -> 0.0207 ms | best 0.0207 ms {'ROWS': 1, 'BLOCK_N': 512, 'num_warps': 2, 'num_stages': 2, 'KVEC': 0, 'UNROLL': 1, 'grid_cap': None, 'EVICT': 1}  [3s]
    [screen merge/coarse] 188 offered -> 188 valid (0 compile-fail, 0 wrong-answer)
    [merge/coarse] 188/188 cfgs timed -> 0.0212 ms  {'ROWS': 1, 'BLOCK_N': 256, 'num_warps': 1, 'num_stages': 2, 'KVEC': 0, 'UNROLL': 1, 'grid_cap': None}  [1s]
    [screen merge/refine]  50 offered ->  50 valid (0 compile-fail, 0 wrong-answer)
    [merge/refine]  50/50 cfgs timed -> 0.0197 ms  {'ROWS': 1, 'BLOCK_N': 256, 'num_warps': 1, 'num_stages': 2, 'KVEC': 1, 'UNROLL': 1, 'grid_cap': None, 'EVICT': 1}  [0s]
    [merge] coarse 188 cfgs (0 rej) -> 0.0212 ms | refine 50 (0 rej) -> 0.0197 ms | best 0.0197 ms {'ROWS': 1, 'BLOCK_N': 256, 'num_warps': 1, 'num_stages': 2, 'KVEC': 1, 'UNROLL': 1, 'grid_cap': None, 'EVICT': 1}  [1s]
    [screen resadd/coarse] 188 offered -> 188 valid (0 compile-fail, 0 wrong-answer)
    [resadd/coarse] 188/188 cfgs timed -> 0.0108 ms  {'ROWS': 8, 'BLOCK_N': 512, 'num_warps': 8, 'num_stages': 2, 'KVEC': 0, 'UNROLL': 1, 'grid_cap': None}  [1s]
    [screen resadd/refine]  90 offered ->  90 valid (0 compile-fail, 0 wrong-answer)
    [resadd/refine]  90/90 cfgs timed -> 0.0107 ms  {'ROWS': 4, 'BLOCK_N': 1024, 'num_warps': 4, 'num_stages': 2, 'KVEC': 0, 'UNROLL': 1, 'grid_cap': None, 'EVICT': 1}  [6s]
    [resadd] coarse 188 cfgs (0 rej) -> 0.0108 ms | refine 90 (0 rej) -> 0.0107 ms | best 0.0107 ms {'ROWS': 4, 'BLOCK_N': 1024, 'num_warps': 4, 'num_stages': 2, 'KVEC': 0, 'UNROLL': 1, 'grid_cap': None, 'EVICT': 1}  [6s]
    [chain] joint 16 pairs -> 0.0520 ms (independent-best sum would be 0.0303 ms)
    fused 0.0753 ms (836 GB/s) | unfused 0.1560 ms (484 GB/s) | paired 2.066x (533% of 1.20x) | eager 0.2332 | compile 0.0739
  == decode_bs1024 (T=1024) ==
    [screen fused/coarse] 188 offered -> 188 valid (0 compile-fail, 0 wrong-answer)
    [fused/coarse] 188/188 cfgs timed -> 0.0382 ms  {'ROWS': 1, 'BLOCK_N': 256, 'num_warps': 1, 'num_stages': 1, 'KVEC': 1, 'UNROLL': 1, 'grid_cap': None}  [1s]
    [screen fused/refine]  34 offered ->  34 valid (0 compile-fail, 0 wrong-answer)
    [fused/refine]  34/34 cfgs timed -> 0.0356 ms  {'ROWS': 1, 'BLOCK_N': 256, 'num_warps': 1, 'num_stages': 2, 'KVEC': 1, 'UNROLL': 1, 'grid_cap': None, 'EVICT': 1}  [0s]
    [fused] coarse 188 cfgs (0 rej) -> 0.0382 ms | refine 34 (0 rej) -> 0.0356 ms | best 0.0356 ms {'ROWS': 1, 'BLOCK_N': 256, 'num_warps': 1, 'num_stages': 2, 'KVEC': 1, 'UNROLL': 1, 'grid_cap': None, 'EVICT': 1}  [1s]
    [screen merge/coarse] 188 offered -> 188 valid (0 compile-fail, 0 wrong-answer)
    [merge/coarse] 188/188 cfgs timed -> 0.0355 ms  {'ROWS': 1, 'BLOCK_N': 256, 'num_warps': 1, 'num_stages': 1, 'KVEC': 0, 'UNROLL': 1, 'grid_cap': None}  [1s]
    [screen merge/refine]  50 offered ->  50 valid (0 compile-fail, 0 wrong-answer)
    [merge/refine]  50/50 cfgs timed -> 0.0330 ms  {'ROWS': 1, 'BLOCK_N': 256, 'num_warps': 1, 'num_stages': 1, 'KVEC': 1, 'UNROLL': 0, 'grid_cap': None, 'EVICT': 1}  [2s]
    [merge] coarse 188 cfgs (0 rej) -> 0.0355 ms | refine 50 (0 rej) -> 0.0330 ms | best 0.0330 ms {'ROWS': 1, 'BLOCK_N': 256, 'num_warps': 1, 'num_stages': 1, 'KVEC': 1, 'UNROLL': 0, 'grid_cap': None, 'EVICT': 1}  [2s]
    [screen resadd/coarse] 188 offered -> 188 valid (0 compile-fail, 0 wrong-answer)
    [resadd/coarse] 188/188 cfgs timed -> 0.0151 ms  {'ROWS': 2, 'BLOCK_N': 512, 'num_warps': 1, 'num_stages': 2, 'KVEC': 0, 'UNROLL': 1, 'grid_cap': None}  [1s]
    [screen resadd/refine]  58 offered ->  58 valid (0 compile-fail, 0 wrong-answer)
    [resadd/refine]  58/58 cfgs timed -> 0.0148 ms  {'ROWS': 4, 'BLOCK_N': 512, 'num_warps': 2, 'num_stages': 2, 'KVEC': 0, 'UNROLL': 1, 'grid_cap': None, 'EVICT': 1}  [0s]
    [resadd] coarse 188 cfgs (0 rej) -> 0.0151 ms | refine 58 (0 rej) -> 0.0148 ms | best 0.0148 ms {'ROWS': 4, 'BLOCK_N': 512, 'num_warps': 2, 'num_stages': 2, 'KVEC': 0, 'UNROLL': 1, 'grid_cap': None, 'EVICT': 1}  [1s]
    [chain] joint 16 pairs -> 0.0503 ms (independent-best sum would be 0.0478 ms)
    fused 0.0979 ms (1286 GB/s) | unfused 0.1972 ms (766 GB/s) | paired 1.937x (468% of 1.20x) | eager 0.4596 | compile 0.0788
  == prefill_t2048 (T=2048) ==
    [screen fused/coarse] 188 offered -> 188 valid (0 compile-fail, 0 wrong-answer)
    [fused/coarse] 188/188 cfgs timed -> 0.0675 ms  {'ROWS': 1, 'BLOCK_N': 256, 'num_warps': 1, 'num_stages': 1, 'KVEC': 0, 'UNROLL': 1, 'grid_cap': None}  [1s]
    [screen fused/refine]  50 offered ->  50 valid (0 compile-fail, 0 wrong-answer)
    [fused/refine]  50/50 cfgs timed -> 0.0655 ms  {'ROWS': 1, 'BLOCK_N': 256, 'num_warps': 2, 'num_stages': 1, 'KVEC': 0, 'UNROLL': 1, 'grid_cap': None, 'EVICT': 1}  [2s]
    [fused] coarse 188 cfgs (0 rej) -> 0.0675 ms | refine 50 (0 rej) -> 0.0655 ms | best 0.0655 ms {'ROWS': 1, 'BLOCK_N': 256, 'num_warps': 2, 'num_stages': 1, 'KVEC': 0, 'UNROLL': 1, 'grid_cap': None, 'EVICT': 1}  [3s]
    [screen merge/coarse] 188 offered -> 188 valid (0 compile-fail, 0 wrong-answer)
    [merge/coarse] 188/188 cfgs timed -> 0.0618 ms  {'ROWS': 1, 'BLOCK_N': 256, 'num_warps': 1, 'num_stages': 1, 'KVEC': 0, 'UNROLL': 1, 'grid_cap': None}  [1s]
    [screen merge/refine]  50 offered ->  50 valid (0 compile-fail, 0 wrong-answer)
    [merge/refine]  50/50 cfgs timed -> 0.0596 ms  {'ROWS': 1, 'BLOCK_N': 256, 'num_warps': 1, 'num_stages': 2, 'KVEC': 0, 'UNROLL': 1, 'grid_cap': None, 'EVICT': 1}  [0s]
    [merge] coarse 188 cfgs (0 rej) -> 0.0618 ms | refine 50 (0 rej) -> 0.0596 ms | best 0.0596 ms {'ROWS': 1, 'BLOCK_N': 256, 'num_warps': 1, 'num_stages': 2, 'KVEC': 0, 'UNROLL': 1, 'grid_cap': None, 'EVICT': 1}  [1s]
    [screen resadd/coarse] 188 offered -> 188 valid (0 compile-fail, 0 wrong-answer)
    [resadd/coarse] 188/188 cfgs timed -> 0.0244 ms  {'ROWS': 1, 'BLOCK_N': 512, 'num_warps': 1, 'num_stages': 1, 'KVEC': 0, 'UNROLL': 1, 'grid_cap': None}  [1s]
    [screen resadd/refine]  58 offered ->  58 valid (0 compile-fail, 0 wrong-answer)
    [resadd/refine]  58/58 cfgs timed -> 0.0241 ms  {'ROWS': 1, 'BLOCK_N': 512, 'num_warps': 1, 'num_stages': 1, 'KVEC': 0, 'UNROLL': 0, 'grid_cap': None, 'EVICT': 1}  [1s]
    [resadd] coarse 188 cfgs (0 rej) -> 0.0244 ms | refine 58 (0 rej) -> 0.0241 ms | best 0.0241 ms {'ROWS': 1, 'BLOCK_N': 512, 'num_warps': 1, 'num_stages': 1, 'KVEC': 0, 'UNROLL': 0, 'grid_cap': None, 'EVICT': 1}  [2s]
    [chain] joint 16 pairs -> 0.0777 ms (independent-best sum would be 0.0836 ms)
    fused 0.1302 ms (1934 GB/s) | unfused 0.1989 ms (1518 GB/s) | paired 1.552x (276% of 1.20x) | eager 0.9156 | compile 0.1511
  == prefill_t8192 (T=8192) ==
    [screen fused/coarse] 188 offered -> 188 valid (0 compile-fail, 0 wrong-answer)
    [fused/coarse] 188/188 cfgs timed -> 0.2343 ms  {'ROWS': 1, 'BLOCK_N': 256, 'num_warps': 1, 'num_stages': 1, 'KVEC': 1, 'UNROLL': 1, 'grid_cap': None}  [2s]
    [screen fused/refine]  34 offered ->  34 valid (0 compile-fail, 0 wrong-answer)
    [fused/refine]  34/34 cfgs timed -> 0.2342 ms  {'ROWS': 1, 'BLOCK_N': 256, 'num_warps': 1, 'num_stages': 1, 'KVEC': 1, 'UNROLL': 0, 'grid_cap': None}  [0s]
    [fused] coarse 188 cfgs (0 rej) -> 0.2343 ms | refine 34 (0 rej) -> 0.2342 ms | best 0.2342 ms {'ROWS': 1, 'BLOCK_N': 256, 'num_warps': 1, 'num_stages': 1, 'KVEC': 1, 'UNROLL': 0, 'grid_cap': None}  [2s]
    [screen merge/coarse] 188 offered -> 188 valid (0 compile-fail, 0 wrong-answer)
    [merge/coarse] 188/188 cfgs timed -> 0.2122 ms  {'ROWS': 1, 'BLOCK_N': 512, 'num_warps': 1, 'num_stages': 1, 'KVEC': 0, 'UNROLL': 1, 'grid_cap': None}  [1s]
    [screen merge/refine]  58 offered ->  58 valid (0 compile-fail, 0 wrong-answer)
    [merge/refine]  58/58 cfgs timed -> 0.2119 ms  {'ROWS': 1, 'BLOCK_N': 512, 'num_warps': 1, 'num_stages': 2, 'KVEC': 0, 'UNROLL': 1, 'grid_cap': None}  [1s]
    [merge] coarse 188 cfgs (0 rej) -> 0.2122 ms | refine 58 (0 rej) -> 0.2119 ms | best 0.2119 ms {'ROWS': 1, 'BLOCK_N': 512, 'num_warps': 1, 'num_stages': 2, 'KVEC': 0, 'UNROLL': 1, 'grid_cap': None}  [2s]
    [screen resadd/coarse] 188 offered -> 188 valid (0 compile-fail, 0 wrong-answer)
    [resadd/coarse] 188/188 cfgs timed -> 0.0761 ms  {'ROWS': 4, 'BLOCK_N': 256, 'num_warps': 1, 'num_stages': 1, 'KVEC': 0, 'UNROLL': 1, 'grid_cap': None}  [1s]
    [screen resadd/refine]  44 offered ->  44 valid (0 compile-fail, 0 wrong-answer)
    [resadd/refine]  44/44 cfgs timed -> 0.0782 ms  {'ROWS': 2, 'BLOCK_N': 256, 'num_warps': 1, 'num_stages': 1, 'KVEC': 0, 'UNROLL': 1, 'grid_cap': None, 'EVICT': 1}  [2s]
    [resadd] coarse 188 cfgs (0 rej) -> 0.0761 ms | refine 44 (0 rej) -> 0.0782 ms | best 0.0761 ms {'ROWS': 4, 'BLOCK_N': 256, 'num_warps': 1, 'num_stages': 1, 'KVEC': 0, 'UNROLL': 1, 'grid_cap': None}  [3s]
    [chain] joint 8 pairs -> 0.2812 ms (independent-best sum would be 0.2880 ms)
    fused 0.2346 ms (4293 GB/s) | unfused 0.2813 ms (4295 GB/s) | paired 1.197x (98% of 1.20x) | eager 3.6016 | compile 0.6411

wrote f10_merge_resadd.json
regime               fused   unfused   paired   %ceil     eager   compile
decode_bs1          0.0678    0.1420    2.115    558%    0.1336    0.0327
decode_bs2          0.0556    0.1239    2.235    618%    0.1617    0.0460
decode_bs4          0.0660    0.1395    2.145    572%    0.1400    0.0425
decode_bs8          0.0681    0.1436    2.165    582%    0.1619    0.0730
decode_bs16         0.0632    0.1369    2.161    580%    0.1433    0.0685
decode_bs32         0.0551    0.1242    2.244    622%    0.1429    0.0660
decode_bs256        0.0925    0.1851    1.981    491%    0.1885    0.0854
decode_bs512        0.0753    0.1560    2.066    533%    0.2332    0.0739
decode_bs1024       0.0979    0.1972    1.937    468%    0.4596    0.0788
prefill_t2048       0.1302    0.1989    1.552    276%    0.9156    0.1511
prefill_t8192       0.2346    0.2813    1.197     98%    3.6016    0.6411
