device=NVIDIA GeForce RTX 4060 Laptop GPU warp=32 CUs=24
  == decode_bs1 (T=1) ==
    [fused] coarse 188 cfgs (0 fail) -> 0.0102 ms | refine 50 (0 fail) -> 0.0102 ms | best 0.0102 ms {'ROWS': 1, 'BLOCK_N': 256, 'num_warps': 1, 'num_stages': 1, 'KVEC': 0, 'UNROLL': 1, 'grid_cap': None, 'EVICT': 1}  [79s]
    [merge] coarse 188 cfgs (0 fail) -> 0.0102 ms | refine 50 (0 fail) -> 0.0102 ms | best 0.0102 ms {'ROWS': 1, 'BLOCK_N': 256, 'num_warps': 1, 'num_stages': 2, 'KVEC': 0, 'UNROLL': 1, 'grid_cap': None}  [72s]
    [resadd] coarse 188 cfgs (0 fail) -> 0.0092 ms | refine 34 (0 fail) -> 0.0092 ms | best 0.0092 ms {'ROWS': 2, 'BLOCK_N': 256, 'num_warps': 2, 'num_stages': 2, 'KVEC': 1, 'UNROLL': 1, 'grid_cap': None}  [43s]
    [chain] joint 12 pairs -> 0.0174 ms (independent-best sum would be 0.0195 ms)
    fused 0.0113 ms (11 GB/s) | unfused 0.0174 ms (8 GB/s) | speedup 1.545x (273% of 1.20x) | eager 0.0594 | compile 0.0133
  == decode_bs32 (T=32) ==
    [fused] coarse 188 cfgs (0 fail) -> 0.0379 ms | refine 76 (0 fail) -> 0.0379 ms | best 0.0379 ms {'ROWS': 1, 'BLOCK_N': 512, 'num_warps': 1, 'num_stages': 1, 'KVEC': 0, 'UNROLL': 1, 'grid_cap': None}  [26s]
    [merge] coarse 188 cfgs (0 fail) -> 0.0348 ms | refine 62 (0 fail) -> 0.0348 ms | best 0.0348 ms {'ROWS': 4, 'BLOCK_N': 256, 'num_warps': 1, 'num_stages': 2, 'KVEC': 0, 'UNROLL': 1, 'grid_cap': None}  [23s]
    [resadd] coarse 188 cfgs (0 fail) -> 0.0164 ms | refine 50 (0 fail) -> 0.0164 ms | best 0.0164 ms {'ROWS': 1, 'BLOCK_N': 256, 'num_warps': 2, 'num_stages': 1, 'KVEC': 0, 'UNROLL': 1, 'grid_cap': None}  [16s]
    [chain] joint 12 pairs -> 0.0461 ms (independent-best sum would be 0.0512 ms)
    fused 0.0379 ms (104 GB/s) | unfused 0.0461 ms (102 GB/s) | speedup 1.216x (108% of 1.20x) | eager 0.1935 | compile 0.0430
  == decode_bs256 (T=256) ==
    [fused] coarse 188 cfgs (0 fail) -> 0.2458 ms | refine 64 (0 fail) -> 0.2304 ms | best 0.2304 ms {'ROWS': 4, 'BLOCK_N': 1024, 'num_warps': 4, 'num_stages': 1, 'KVEC': 0, 'UNROLL': 0, 'grid_cap': None, 'EVICT': 1}  [28s]
    [merge] coarse 188 cfgs (0 fail) -> 0.2171 ms | refine 64 (0 fail) -> 0.2120 ms | best 0.2120 ms {'ROWS': 4, 'BLOCK_N': 512, 'num_warps': 2, 'num_stages': 2, 'KVEC': 0, 'UNROLL': 1, 'grid_cap': None, 'EVICT': 1}  [26s]
    [resadd] coarse 188 cfgs (0 fail) -> 0.0737 ms | refine 64 (0 fail) -> 0.0727 ms | best 0.0727 ms {'ROWS': 8, 'BLOCK_N': 2048, 'num_warps': 16, 'num_stages': 2, 'KVEC': 0, 'UNROLL': 1, 'grid_cap': None}  [19s]
    [chain] joint 12 pairs -> 0.2468 ms (independent-best sum would be 0.2847 ms)
    fused 0.2324 ms (135 GB/s) | unfused 0.2488 ms (152 GB/s) | speedup 1.070x (35% of 1.20x) | eager 1.7633 | compile 0.2519
  == prefill_t2048 (T=2048) ==
    [fused] coarse 188 cfgs (0 fail) -> 1.7203 ms | refine 64 (0 fail) -> 1.6067 ms | best 1.6067 ms {'ROWS': 16, 'BLOCK_N': 256, 'num_warps': 8, 'num_stages': 1, 'KVEC': 0, 'UNROLL': 1, 'grid_cap': None, 'EVICT': 1}  [49s]
    [merge] coarse 188 cfgs (0 fail) -> 1.5555 ms | refine 64 (0 fail) -> 1.4551 ms | best 1.4551 ms {'ROWS': 4, 'BLOCK_N': 256, 'num_warps': 2, 'num_stages': 1, 'KVEC': 0, 'UNROLL': 0, 'grid_cap': None, 'EVICT': 1}  [50s]
    [resadd] coarse 188 cfgs (0 fail) -> 0.5315 ms | refine 46 (0 fail) -> 0.5274 ms | best 0.5274 ms {'ROWS': 8, 'BLOCK_N': 256, 'num_warps': 2, 'num_stages': 4, 'KVEC': 0, 'UNROLL': 1, 'grid_cap': None, 'EVICT': 1}  [20s]
    [chain] joint 16 pairs -> 1.7480 ms (independent-best sum would be 1.9825 ms)
    fused 1.6159 ms (156 GB/s) | unfused 1.7582 ms (172 GB/s) | speedup 1.088x (44% of 1.20x) | eager 15.9160 | compile 2.3706
  == prefill_t8192 (T=8192) ==
    [fused] coarse 188 cfgs (0 fail) -> 6.3580 ms | refine 62 (0 fail) -> 6.2484 ms | best 6.2484 ms {'ROWS': 2, 'BLOCK_N': 1024, 'num_warps': 16, 'num_stages': 1, 'KVEC': 1, 'UNROLL': 1, 'grid_cap': None, 'EVICT': 1}  [124s]
    [merge] coarse 188 cfgs (0 fail) -> 5.7375 ms | refine 94 (0 fail) -> 5.6187 ms | best 5.6187 ms {'ROWS': 4, 'BLOCK_N': 1024, 'num_warps': 16, 'num_stages': 4, 'KVEC': 0, 'UNROLL': 1, 'grid_cap': None, 'EVICT': 1}  [135s]
    [resadd] coarse 188 cfgs (0 fail) -> 2.0582 ms | refine 64 (0 fail) -> 2.0562 ms | best 2.0562 ms {'ROWS': 2, 'BLOCK_N': 1024, 'num_warps': 2, 'num_stages': 2, 'KVEC': 0, 'UNROLL': 1, 'grid_cap': None}  [46s]
    [chain] joint 16 pairs -> 7.6022 ms (independent-best sum would be 7.6749 ms)
    fused 6.2484 ms (161 GB/s) | unfused 7.6472 ms (158 GB/s) | speedup 1.224x (112% of 1.20x) | eager 68.5128 | compile 9.7690

wrote results/f10_merge_resadd.json
regime               fused   unfused  speedup   %ceil     eager   compile
decode_bs1          0.0113    0.0174    1.545    273%    0.0594    0.0133
decode_bs32         0.0379    0.0461    1.216    108%    0.1935    0.0430
decode_bs256        0.2324    0.2488    1.070     35%    1.7633    0.2519
prefill_t2048       1.6159    1.7582    1.088     44%   15.9160    2.3706
prefill_t8192       6.2484    7.6472    1.224    112%   68.5128    9.7690
