# /usr/bin/python /home/guancheng/zsh/fusion/glm52_h200/bench/bench_f03_resadd_rmsnorm.py
# started 2026-08-04 16:22:49
[harness] NVIDIA H200 sm9.0 | 132 SM | L2 60 MB | flush 256 MB | tick 3.2e-05 ms | hopper feats [tma,clusters,warp_specialize] | preflight ok | results -> /home/guancheng/zsh/fusion/results/h200
[hw] NVIDIA H200  sm_90  132 SM  140 GB  uuid 59aa5198-70aa-0e6f-1
[hw] driver 580.173.02  vbios 96.00.A5.00.03  cuda 13.0  torch 2.11.0+cu130  triton 3.6.0  python 3.10.12
[hw] clocks SM 1980 MHz / 1980 MHz max (100%)  MEM 3201 MHz / 3201 MHz max (100%)  -> unlocked
[hw] pstate P0  power 123.17 W of 700.00 W  temp 37 C (mem 34)  util 0 %
[hw] ecc Enabled  mig Disabled  persistence Enabled  compute-mode Default  pcie gen5x16
[hw] host hgx-h200-233  192 cpu  visible GPUs 1  CUDA_VISIBLE_DEVICES=1
[hw] physical GPU: nvidia-smi index 1  cuda ordinal 0  matched by uuid  order=PCI_BUS_ID
[hw] clock basis: application clocks equal their defaults
[env] NVIDIA H200 (sm_90) | 132 SM | warp 32 | smem 232448 B | regs/SM 65536 | threads/SM 2048 | L2 60 MB | HBM 139 GB | torch 2.11.0+cu130 triton 3.6.0 cuda 13.0
[preflight] 2026-08-04 16:22:24 | baseline_elementwise=ok, tl_dot_bf16=ok, warp_specialize_tl_range=ok, warp_specialize_num_consumer_groups=no, tma_host_descriptor=ok, tma_device_descriptor=ok, thread_block_cluster_num_ctas=ok
[preflight] timer tick 0.032 us | launch 9.435428040368217 us | L2 60 MB
[smem] ceiling 232448 B | staging model max(2, num_stages - 0) * 2*BK*(BM+BN) (fitted to 5 preflight smem_probe observations)
[hopper] NVIDIA H200 (sm_90) gpu=59aa5198 | tma=True(device) ws=True(range) clusters=True wgmma=True | src preflight | probe skipped
  == decode_bs1 (T=1) ==
    [h200 axes] none offered for glm52_h200.kernels.add_rmsnorm: grids are the classic ones
    [screen fused/coarse] 164 offered -> 164 valid (0 compile-fail, 0 wrong-answer)
    [fused/coarse] 164/164 cfgs timed -> 0.0094 ms  {'ROWS': 4, 'BLOCK_N': 4096, 'num_warps': 8, 'num_stages': 2, 'grid_cap': None, 'eps': 1e-05}  [9s]
    [screen fused/refine]  60 offered ->  60 valid (0 compile-fail, 0 wrong-answer)
    [fused/refine]  60/60 cfgs timed -> 0.0091 ms  {'ROWS': 2, 'BLOCK_N': 4096, 'num_warps': 8, 'num_stages': 2, 'grid_cap': 528, 'eps': 1e-05, 'EVICT': 1}  [16s]
    [fused] coarse 164 cfgs (0 rej) -> 0.0094 ms | refine 60 (0 rej) -> 0.0091 ms | best 0.0091 ms {'ROWS': 2, 'BLOCK_N': 4096, 'num_warps': 8, 'num_stages': 2, 'grid_cap': 528, 'eps': 1e-05, 'EVICT': 1}  [25s]
    [screen add/coarse  ] 164 offered -> 164 valid (0 compile-fail, 0 wrong-answer)
    [add/coarse  ] 164/164 cfgs timed -> 0.0082 ms  {'ROWS': 8, 'BLOCK_N': 2048, 'num_warps': 16, 'num_stages': 1, 'grid_cap': None, 'eps': 1e-05}  [2s]
    [screen add/refine  ]  82 offered ->  82 valid (0 compile-fail, 0 wrong-answer)
    [add/refine  ]  82/82 cfgs timed -> 0.0089 ms  {'ROWS': 8, 'BLOCK_N': 2048, 'num_warps': 32, 'num_stages': 1, 'grid_cap': None, 'eps': 1e-05, 'EVICT': 1}  [12s]
    [add] coarse 164 cfgs (0 rej) -> 0.0082 ms | refine 82 (0 rej) -> 0.0089 ms | best 0.0082 ms {'ROWS': 8, 'BLOCK_N': 2048, 'num_warps': 16, 'num_stages': 1, 'grid_cap': None, 'eps': 1e-05}  [13s]
    [screen norm/coarse ] 164 offered -> 164 valid (0 compile-fail, 0 wrong-answer)
    [norm/coarse ] 164/164 cfgs timed -> 0.0095 ms  {'ROWS': 2, 'BLOCK_N': 4096, 'num_warps': 4, 'num_stages': 1, 'grid_cap': None, 'eps': 1e-05}  [5s]
    [screen norm/refine ]  60 offered ->  60 valid (0 compile-fail, 0 wrong-answer)
    [norm/refine ]  60/60 cfgs timed -> 0.0088 ms  {'ROWS': 2, 'BLOCK_N': 4096, 'num_warps': 8, 'num_stages': 1, 'grid_cap': None, 'eps': 1e-05, 'EVICT': 1}  [10s]
    [norm] coarse 164 cfgs (0 rej) -> 0.0095 ms | refine 60 (0 rej) -> 0.0088 ms | best 0.0088 ms {'ROWS': 2, 'BLOCK_N': 4096, 'num_warps': 8, 'num_stages': 1, 'grid_cap': None, 'eps': 1e-05, 'EVICT': 1}  [15s]
    [chain] joint 16 pairs -> 0.0534 ms (independent-best sum would be 0.0170 ms)
    fused 0.0567 ms (1 GB/s) | unfused 0.1213 ms (1 GB/s) | paired 2.169x | eager 0.1351 | compile 0.0449
  == decode_bs32 (T=32) ==
    [screen fused/coarse] 164 offered -> 164 valid (0 compile-fail, 0 wrong-answer)
    [fused/coarse] 164/164 cfgs timed -> 0.0100 ms  {'ROWS': 1, 'BLOCK_N': 2048, 'num_warps': 16, 'num_stages': 1, 'grid_cap': None, 'eps': 1e-05}  [1s]
    [screen fused/refine]  60 offered ->  60 valid (0 compile-fail, 0 wrong-answer)
    [fused/refine]  60/60 cfgs timed -> 0.0112 ms  {'ROWS': 2, 'BLOCK_N': 2048, 'num_warps': 32, 'num_stages': 1, 'grid_cap': None, 'eps': 1e-05, 'EVICT': 1}  [5s]
    [fused] coarse 164 cfgs (0 rej) -> 0.0100 ms | refine 60 (0 rej) -> 0.0112 ms | best 0.0100 ms {'ROWS': 1, 'BLOCK_N': 2048, 'num_warps': 16, 'num_stages': 1, 'grid_cap': None, 'eps': 1e-05}  [6s]
    [screen add/coarse  ] 164 offered -> 164 valid (0 compile-fail, 0 wrong-answer)
    [add/coarse  ] 164/164 cfgs timed -> 0.0101 ms  {'ROWS': 2, 'BLOCK_N': 1024, 'num_warps': 32, 'num_stages': 1, 'grid_cap': None, 'eps': 1e-05}  [2s]
    [screen add/refine  ]  54 offered ->  54 valid (0 compile-fail, 0 wrong-answer)
    [add/refine  ]  54/54 cfgs timed -> 0.0115 ms  {'ROWS': 2, 'BLOCK_N': 1024, 'num_warps': 32, 'num_stages': 3, 'grid_cap': None, 'eps': 1e-05, 'EVICT': 1}  [7s]
    [add] coarse 164 cfgs (0 rej) -> 0.0101 ms | refine 54 (0 rej) -> 0.0115 ms | best 0.0101 ms {'ROWS': 2, 'BLOCK_N': 1024, 'num_warps': 32, 'num_stages': 1, 'grid_cap': None, 'eps': 1e-05}  [9s]
    [screen norm/coarse ] 164 offered -> 164 valid (0 compile-fail, 0 wrong-answer)
    [norm/coarse ] 164/164 cfgs timed -> 0.0105 ms  {'ROWS': 1, 'BLOCK_N': 8192, 'num_warps': 4, 'num_stages': 1, 'grid_cap': None, 'eps': 1e-05}  [1s]
    [screen norm/refine ]  28 offered ->  28 valid (0 compile-fail, 0 wrong-answer)
    [norm/refine ]  28/28 cfgs timed -> 0.0100 ms  {'ROWS': 1, 'BLOCK_N': 8192, 'num_warps': 4, 'num_stages': 2, 'grid_cap': None, 'eps': 1e-05, 'EVICT': 1}  [3s]
    [norm] coarse 164 cfgs (0 rej) -> 0.0105 ms | refine 28 (0 rej) -> 0.0100 ms | best 0.0100 ms {'ROWS': 1, 'BLOCK_N': 8192, 'num_warps': 4, 'num_stages': 2, 'grid_cap': None, 'eps': 1e-05, 'EVICT': 1}  [4s]
    [chain] joint 16 pairs -> 0.0583 ms (independent-best sum would be 0.0201 ms)
    fused 0.0538 ms (29 GB/s) | unfused 0.1189 ms (17 GB/s) | paired 2.250x | eager 0.1408 | compile 0.0554
  == decode_bs256 (T=256) ==
    [screen fused/coarse] 164 offered -> 164 valid (0 compile-fail, 0 wrong-answer)
    [fused/coarse] 164/164 cfgs timed -> 0.0110 ms  {'ROWS': 2, 'BLOCK_N': 8192, 'num_warps': 8, 'num_stages': 2, 'grid_cap': None, 'eps': 1e-05}  [1s]
    [screen fused/refine]  50 offered ->  50 valid (0 compile-fail, 0 wrong-answer)
    [fused/refine]  50/50 cfgs timed -> 0.0116 ms  {'ROWS': 1, 'BLOCK_N': 4096, 'num_warps': 4, 'num_stages': 2, 'grid_cap': None, 'eps': 1e-05, 'EVICT': 1}  [5s]
    [fused] coarse 164 cfgs (0 rej) -> 0.0110 ms | refine 50 (0 rej) -> 0.0116 ms | best 0.0110 ms {'ROWS': 2, 'BLOCK_N': 8192, 'num_warps': 8, 'num_stages': 2, 'grid_cap': None, 'eps': 1e-05}  [6s]
    [screen add/coarse  ] 164 offered -> 164 valid (0 compile-fail, 0 wrong-answer)
    [add/coarse  ] 164/164 cfgs timed -> 0.0095 ms  {'ROWS': 2, 'BLOCK_N': 8192, 'num_warps': 8, 'num_stages': 1, 'grid_cap': None, 'eps': 1e-05}  [2s]
    [screen add/refine  ]  50 offered ->  50 valid (0 compile-fail, 0 wrong-answer)
    [add/refine  ]  50/50 cfgs timed -> 0.0104 ms  {'ROWS': 4, 'BLOCK_N': 4096, 'num_warps': 16, 'num_stages': 1, 'grid_cap': None, 'eps': 1e-05, 'EVICT': 1}  [3s]
    [add] coarse 164 cfgs (0 rej) -> 0.0095 ms | refine 50 (0 rej) -> 0.0104 ms | best 0.0095 ms {'ROWS': 2, 'BLOCK_N': 8192, 'num_warps': 8, 'num_stages': 1, 'grid_cap': None, 'eps': 1e-05}  [5s]
    [screen norm/coarse ] 164 offered -> 164 valid (0 compile-fail, 0 wrong-answer)
    [norm/coarse ] 164/164 cfgs timed -> 0.0104 ms  {'ROWS': 4, 'BLOCK_N': 8192, 'num_warps': 32, 'num_stages': 1, 'grid_cap': None, 'eps': 1e-05}  [1s]
    [screen norm/refine ]  54 offered ->  54 valid (0 compile-fail, 0 wrong-answer)
    [norm/refine ]  54/54 cfgs timed -> 0.0108 ms  {'ROWS': 2, 'BLOCK_N': 4096, 'num_warps': 16, 'num_stages': 1, 'grid_cap': None, 'eps': 1e-05, 'EVICT': 1}  [1s]
    [norm] coarse 164 cfgs (0 rej) -> 0.0104 ms | refine 54 (0 rej) -> 0.0108 ms | best 0.0104 ms {'ROWS': 4, 'BLOCK_N': 8192, 'num_warps': 32, 'num_stages': 1, 'grid_cap': None, 'eps': 1e-05}  [2s]
    [chain] joint 16 pairs -> 0.0547 ms (independent-best sum would be 0.0199 ms)
    fused 0.0732 ms (172 GB/s) | unfused 0.1505 ms (105 GB/s) | paired 2.072x | eager 0.1809 | compile 0.0766
  == decode_bs512 (T=512) ==
    [screen fused/coarse] 164 offered -> 164 valid (0 compile-fail, 0 wrong-answer)
    [fused/coarse] 164/164 cfgs timed -> 0.0124 ms  {'ROWS': 2, 'BLOCK_N': 8192, 'num_warps': 16, 'num_stages': 2, 'grid_cap': None, 'eps': 1e-05}  [1s]
    [screen fused/refine]  66 offered ->  66 valid (0 compile-fail, 0 wrong-answer)
    [fused/refine]  66/66 cfgs timed -> 0.0121 ms  {'ROWS': 2, 'BLOCK_N': 8192, 'num_warps': 8, 'num_stages': 2, 'grid_cap': None, 'eps': 1e-05, 'EVICT': 1}  [5s]
    [fused] coarse 164 cfgs (0 rej) -> 0.0124 ms | refine 66 (0 rej) -> 0.0121 ms | best 0.0121 ms {'ROWS': 2, 'BLOCK_N': 8192, 'num_warps': 8, 'num_stages': 2, 'grid_cap': None, 'eps': 1e-05, 'EVICT': 1}  [6s]
    [screen add/coarse  ] 164 offered -> 164 valid (0 compile-fail, 0 wrong-answer)
    [add/coarse  ] 164/164 cfgs timed -> 0.0115 ms  {'ROWS': 4, 'BLOCK_N': 4096, 'num_warps': 32, 'num_stages': 2, 'grid_cap': None, 'eps': 1e-05}  [1s]
    [screen add/refine  ]  70 offered ->  70 valid (0 compile-fail, 0 wrong-answer)
    [add/refine  ]  70/70 cfgs timed -> 0.0112 ms  {'ROWS': 4, 'BLOCK_N': 8192, 'num_warps': 32, 'num_stages': 2, 'grid_cap': None, 'eps': 1e-05, 'EVICT': 1}  [4s]
    [add] coarse 164 cfgs (0 rej) -> 0.0115 ms | refine 70 (0 rej) -> 0.0112 ms | best 0.0112 ms {'ROWS': 4, 'BLOCK_N': 8192, 'num_warps': 32, 'num_stages': 2, 'grid_cap': None, 'eps': 1e-05, 'EVICT': 1}  [5s]
    [screen norm/coarse ] 164 offered -> 164 valid (0 compile-fail, 0 wrong-answer)
    [norm/coarse ] 164/164 cfgs timed -> 0.0105 ms  {'ROWS': 2, 'BLOCK_N': 8192, 'num_warps': 16, 'num_stages': 1, 'grid_cap': None, 'eps': 1e-05}  [1s]
    [screen norm/refine ]  66 offered ->  66 valid (0 compile-fail, 0 wrong-answer)
    [norm/refine ]  66/66 cfgs timed -> 0.0106 ms  {'ROWS': 2, 'BLOCK_N': 8192, 'num_warps': 16, 'num_stages': 2, 'grid_cap': None, 'eps': 1e-05, 'EVICT': 1}  [5s]
    [norm] coarse 164 cfgs (0 rej) -> 0.0105 ms | refine 66 (0 rej) -> 0.0106 ms | best 0.0105 ms {'ROWS': 2, 'BLOCK_N': 8192, 'num_warps': 16, 'num_stages': 1, 'grid_cap': None, 'eps': 1e-05}  [6s]
    [chain] joint 16 pairs -> 0.0560 ms (independent-best sum would be 0.0217 ms)
    fused 0.0713 ms (353 GB/s) | unfused 0.1481 ms (212 GB/s) | paired 2.087x | eager 0.1609 | compile 0.0714
  == decode_bs1024 (T=1024) ==
    [screen fused/coarse] 164 offered -> 164 valid (0 compile-fail, 0 wrong-answer)
    [fused/coarse] 164/164 cfgs timed -> 0.0184 ms  {'ROWS': 1, 'BLOCK_N': 4096, 'num_warps': 4, 'num_stages': 1, 'grid_cap': None, 'eps': 1e-05}  [3s]
    [screen fused/refine]  54 offered ->  54 valid (0 compile-fail, 0 wrong-answer)
    [fused/refine]  54/54 cfgs timed -> 0.0180 ms  {'ROWS': 2, 'BLOCK_N': 2048, 'num_warps': 8, 'num_stages': 1, 'grid_cap': None, 'eps': 1e-05, 'EVICT': 1}  [11s]
    [fused] coarse 164 cfgs (0 rej) -> 0.0184 ms | refine 54 (0 rej) -> 0.0180 ms | best 0.0180 ms {'ROWS': 2, 'BLOCK_N': 2048, 'num_warps': 8, 'num_stages': 1, 'grid_cap': None, 'eps': 1e-05, 'EVICT': 1}  [13s]
    [screen add/coarse  ] 164 offered -> 164 valid (0 compile-fail, 0 wrong-answer)
    [add/coarse  ] 164/164 cfgs timed -> 0.0153 ms  {'ROWS': 8, 'BLOCK_N': 8192, 'num_warps': 32, 'num_stages': 2, 'grid_cap': None, 'eps': 1e-05}  [1s]
    [screen add/refine  ]  38 offered ->  38 valid (0 compile-fail, 0 wrong-answer)
    [add/refine  ]  38/38 cfgs timed -> 0.0158 ms  {'ROWS': 4, 'BLOCK_N': 8192, 'num_warps': 32, 'num_stages': 2, 'grid_cap': 1056, 'eps': 1e-05, 'EVICT': 1}  [2s]
    [add] coarse 164 cfgs (0 rej) -> 0.0153 ms | refine 38 (0 rej) -> 0.0158 ms | best 0.0153 ms {'ROWS': 8, 'BLOCK_N': 8192, 'num_warps': 32, 'num_stages': 2, 'grid_cap': None, 'eps': 1e-05}  [3s]
    [screen norm/coarse ] 164 offered -> 164 valid (0 compile-fail, 0 wrong-answer)
    [norm/coarse ] 164/164 cfgs timed -> 0.0130 ms  {'ROWS': 1, 'BLOCK_N': 2048, 'num_warps': 8, 'num_stages': 1, 'grid_cap': None, 'eps': 1e-05}  [1s]
    [screen norm/refine ]  62 offered ->  62 valid (0 compile-fail, 0 wrong-answer)
    [norm/refine ]  62/62 cfgs timed -> 0.0134 ms  {'ROWS': 1, 'BLOCK_N': 2048, 'num_warps': 8, 'num_stages': 2, 'grid_cap': None, 'eps': 1e-05, 'EVICT': 1}  [11s]
    [norm] coarse 164 cfgs (0 rej) -> 0.0130 ms | refine 62 (0 rej) -> 0.0134 ms | best 0.0130 ms {'ROWS': 1, 'BLOCK_N': 2048, 'num_warps': 8, 'num_stages': 1, 'grid_cap': None, 'eps': 1e-05}  [12s]
    [chain] joint 16 pairs -> 0.0702 ms (independent-best sum would be 0.0284 ms)
    fused 0.0876 ms (575 GB/s) | unfused 0.1779 ms (354 GB/s) | paired 2.031x | eager 0.1817 | compile 0.0863
  == prefill_t2048 (T=2048) ==
    [screen fused/coarse] 164 offered -> 164 valid (0 compile-fail, 0 wrong-answer)
    [fused/coarse] 164/164 cfgs timed -> 0.0308 ms  {'ROWS': 1, 'BLOCK_N': 2048, 'num_warps': 8, 'num_stages': 2, 'grid_cap': None, 'eps': 1e-05}  [1s]
    [screen fused/refine]  62 offered ->  62 valid (0 compile-fail, 0 wrong-answer)
    [fused/refine]  62/62 cfgs timed -> 0.0308 ms  {'ROWS': 1, 'BLOCK_N': 2048, 'num_warps': 8, 'num_stages': 1, 'grid_cap': None, 'eps': 1e-05, 'EVICT': 1}  [10s]
    [fused] coarse 164 cfgs (0 rej) -> 0.0308 ms | refine 62 (0 rej) -> 0.0308 ms | best 0.0308 ms {'ROWS': 1, 'BLOCK_N': 2048, 'num_warps': 8, 'num_stages': 1, 'grid_cap': None, 'eps': 1e-05, 'EVICT': 1}  [11s]
    [screen add/coarse  ] 164 offered -> 164 valid (0 compile-fail, 0 wrong-answer)
    [add/coarse  ] 164/164 cfgs timed -> 0.0247 ms  {'ROWS': 1, 'BLOCK_N': 8192, 'num_warps': 4, 'num_stages': 2, 'grid_cap': None, 'eps': 1e-05}  [5s]
    [screen add/refine  ]  28 offered ->  28 valid (0 compile-fail, 0 wrong-answer)
    [add/refine  ]  28/28 cfgs timed -> 0.0251 ms  {'ROWS': 1, 'BLOCK_N': 8192, 'num_warps': 4, 'num_stages': 2, 'grid_cap': 2112, 'eps': 1e-05, 'EVICT': 1}  [3s]
    [add] coarse 164 cfgs (0 rej) -> 0.0247 ms | refine 28 (0 rej) -> 0.0251 ms | best 0.0247 ms {'ROWS': 1, 'BLOCK_N': 8192, 'num_warps': 4, 'num_stages': 2, 'grid_cap': None, 'eps': 1e-05}  [9s]
    [screen norm/coarse ] 164 offered -> 164 valid (0 compile-fail, 0 wrong-answer)
    [norm/coarse ] 164/164 cfgs timed -> 0.0193 ms  {'ROWS': 1, 'BLOCK_N': 8192, 'num_warps': 4, 'num_stages': 1, 'grid_cap': None, 'eps': 1e-05}  [1s]
    [screen norm/refine ]  28 offered ->  28 valid (0 compile-fail, 0 wrong-answer)
    [norm/refine ]  28/28 cfgs timed -> 0.0205 ms  {'ROWS': 1, 'BLOCK_N': 8192, 'num_warps': 4, 'num_stages': 1, 'grid_cap': 2112, 'eps': 1e-05, 'EVICT': 1}  [3s]
    [norm] coarse 164 cfgs (0 rej) -> 0.0193 ms | refine 28 (0 rej) -> 0.0205 ms | best 0.0193 ms {'ROWS': 1, 'BLOCK_N': 8192, 'num_warps': 4, 'num_stages': 1, 'grid_cap': None, 'eps': 1e-05}  [4s]
    [chain] joint 16 pairs -> 0.0662 ms (independent-best sum would be 0.0440 ms)
    fused 0.0968 ms (1040 GB/s) | unfused 0.1886 ms (667 GB/s) | paired 1.965x | eager 0.2176 | compile 0.1059
  == prefill_t8192 (T=8192) ==
    [screen fused/coarse] 164 offered -> 164 valid (0 compile-fail, 0 wrong-answer)
    [fused/coarse] 164/164 cfgs timed -> 0.1028 ms  {'ROWS': 1, 'BLOCK_N': 4096, 'num_warps': 8, 'num_stages': 2, 'grid_cap': None, 'eps': 1e-05}  [1s]
    [screen fused/refine]  60 offered ->  60 valid (0 compile-fail, 0 wrong-answer)
    [fused/refine]  60/60 cfgs timed -> 0.1027 ms  {'ROWS': 1, 'BLOCK_N': 4096, 'num_warps': 8, 'num_stages': 1, 'grid_cap': None, 'eps': 1e-05}  [4s]
    [fused] coarse 164 cfgs (0 rej) -> 0.1028 ms | refine 60 (0 rej) -> 0.1027 ms | best 0.1027 ms {'ROWS': 1, 'BLOCK_N': 4096, 'num_warps': 8, 'num_stages': 1, 'grid_cap': None, 'eps': 1e-05}  [6s]
    [screen add/coarse  ] 164 offered -> 164 valid (0 compile-fail, 0 wrong-answer)
    [add/coarse  ] 164/164 cfgs timed -> 0.0767 ms  {'ROWS': 2, 'BLOCK_N': 8192, 'num_warps': 16, 'num_stages': 2, 'grid_cap': None, 'eps': 1e-05}  [1s]
    [screen add/refine  ]  66 offered ->  66 valid (0 compile-fail, 0 wrong-answer)
    [add/refine  ]  66/66 cfgs timed -> 0.0771 ms  {'ROWS': 2, 'BLOCK_N': 8192, 'num_warps': 16, 'num_stages': 2, 'grid_cap': None, 'eps': 1e-05}  [3s]
    [add] coarse 164 cfgs (0 rej) -> 0.0767 ms | refine 66 (0 rej) -> 0.0771 ms | best 0.0767 ms {'ROWS': 2, 'BLOCK_N': 8192, 'num_warps': 16, 'num_stages': 2, 'grid_cap': None, 'eps': 1e-05}  [4s]
    [screen norm/coarse ] 164 offered -> 164 valid (0 compile-fail, 0 wrong-answer)
    [norm/coarse ] 164/164 cfgs timed -> 0.0553 ms  {'ROWS': 1, 'BLOCK_N': 8192, 'num_warps': 8, 'num_stages': 1, 'grid_cap': None, 'eps': 1e-05}  [1s]
    [screen norm/refine ]  44 offered ->  44 valid (0 compile-fail, 0 wrong-answer)
    [norm/refine ]  44/44 cfgs timed -> 0.0560 ms  {'ROWS': 1, 'BLOCK_N': 8192, 'num_warps': 8, 'num_stages': 2, 'grid_cap': None, 'eps': 1e-05, 'EVICT': 1}  [3s]
    [norm] coarse 164 cfgs (0 rej) -> 0.0553 ms | refine 44 (0 rej) -> 0.0560 ms | best 0.0553 ms {'ROWS': 1, 'BLOCK_N': 8192, 'num_warps': 8, 'num_stages': 1, 'grid_cap': None, 'eps': 1e-05}  [4s]
    [chain] joint 12 pairs -> 0.1300 ms (independent-best sum would be 0.1320 ms)
    fused 0.1680 ms (2397 GB/s) | unfused 0.2168 ms (2322 GB/s) | paired 1.336x | eager 0.7258 | compile 0.1047

wrote f03_resadd_rmsnorm.json
regime               fused   unfused   paired     eager   compile  L2res
decode_bs1          0.0567    0.1213    2.169    0.1351    0.0449    yes
decode_bs32         0.0538    0.1189    2.250    0.1408    0.0554    yes
decode_bs256        0.0732    0.1505    2.072    0.1809    0.0766    yes
decode_bs512        0.0713    0.1481    2.087    0.1609    0.0714    yes
decode_bs1024       0.0876    0.1779    2.031    0.1817    0.0863    yes
prefill_t2048       0.0968    0.1886    1.965    0.2176    0.1059    yes
prefill_t8192       0.1680    0.2168    1.336    0.7258    0.1047     no
