# /usr/bin/python /home/guancheng/zsh/fusion/glm52_h200/bench/bench_f10_merge_resadd.py
# started 2026-08-07 11:47:15
[harness] NVIDIA H200 sm9.0 | 132 SM | L2 60 MB | flush 256 MB | tick 3.2e-05 ms | hopper feats [tma,clusters,warp_specialize] | preflight ok | results -> /home/guancheng/zsh/fusion/results/h200
[hw] NVIDIA H200  sm_90  132 SM  140 GB  uuid b2318e71-edbf-aa1b-d
[hw] driver 580.173.02  vbios 96.00.A5.00.03  cuda 13.0  torch 2.11.0+cu130  triton 3.6.0  python 3.10.12
[hw] clocks SM 1980 MHz / 1980 MHz max (100%)  MEM 3201 MHz / 3201 MHz max (100%)  -> unlocked
[hw] pstate P0  power 118.61 W of 700.00 W  temp 34 C (mem 31)  util 0 %
[hw] ecc Enabled  mig Disabled  persistence Enabled  compute-mode Default  pcie gen5x16
[hw] host hgx-h200-233  192 cpu  visible GPUs 1  CUDA_VISIBLE_DEVICES=0
[hw] physical GPU: nvidia-smi index 0  cuda ordinal 0  matched by uuid  order=PCI_BUS_ID
[hw] clock basis: application clocks equal their defaults
[env] NVIDIA H200 (sm_90) | 132 SM | warp 32 | smem 232448 B | regs/SM 65536 | threads/SM 2048 | L2 60 MB | HBM 139 GB | torch 2.11.0+cu130 triton 3.6.0 cuda 13.0
[preflight] 2026-08-07 10:30:37 | baseline_elementwise=ok, tl_dot_bf16=ok, warp_specialize_tl_range=ok, warp_specialize_num_consumer_groups=no, tma_host_descriptor=ok, tma_device_descriptor=ok, thread_block_cluster_num_ctas=ok
[preflight] timer tick 0.032 us | launch 10.317714618785041 us | L2 60 MB
[smem] ceiling 232448 B | staging model max(2, num_stages - 0) * 2*BK*(BM+BN) (fitted to 5 preflight smem_probe observations)
[hopper] NVIDIA H200 (sm_90) gpu=b2318e71 | tma=True(device) ws=True(range) clusters=True wgmma=True | src preflight | probe skipped
[calib] B4 gate: preflight trusted; live floor 3.01 us, launch 13.36 us
  == decode_bs1 (T=1) ==
    [h200 axes] none offered for glm52_h200.kernels.merge_resadd: grids are the classic ones
    [screen fused/coarse] 188 offered -> 188 valid (0 compile-fail, 0 wrong-answer)
    [fused/coarse] 188/188 cfgs timed -> 0.0122 ms  {'ROWS': 4, 'BLOCK_N': 512, 'num_warps': 8, 'num_stages': 1, 'KVEC': 1, 'UNROLL': 1, 'grid_cap': None}  [2s]
    [screen fused/refine]  68 offered ->  68 valid (0 compile-fail, 0 wrong-answer)
    [fused/refine]  68/68 cfgs timed -> 0.0068 ms  {'ROWS': 2, 'BLOCK_N': 256, 'num_warps': 4, 'num_stages': 1, 'KVEC': 1, 'UNROLL': 1, 'grid_cap': None}  [7s]
    [fused] coarse 188 cfgs (0 rej) -> 0.0122 ms | refine 68 (0 rej) -> 0.0068 ms | best 0.0068 ms {'ROWS': 2, 'BLOCK_N': 256, 'num_warps': 4, 'num_stages': 1, 'KVEC': 1, 'UNROLL': 1, 'grid_cap': None}  [9s]
    [screen merge/coarse] 188 offered -> 188 valid (0 compile-fail, 0 wrong-answer)
    [merge/coarse] 188/188 cfgs timed -> 0.0074 ms  {'ROWS': 1, 'BLOCK_N': 4096, 'num_warps': 16, 'num_stages': 1, 'KVEC': 0, 'UNROLL': 1, 'grid_cap': None}  [1s]
    [screen merge/refine]  60 offered ->  60 valid (0 compile-fail, 0 wrong-answer)
    [merge/refine]  60/60 cfgs timed -> 0.0092 ms  {'ROWS': 2, 'BLOCK_N': 4096, 'num_warps': 8, 'num_stages': 1, 'KVEC': 0, 'UNROLL': 1, 'grid_cap': None, 'EVICT': 1}  [4s]
    [merge] coarse 188 cfgs (0 rej) -> 0.0074 ms | refine 60 (0 rej) -> 0.0092 ms | best 0.0074 ms {'ROWS': 1, 'BLOCK_N': 4096, 'num_warps': 16, 'num_stages': 1, 'KVEC': 0, 'UNROLL': 1, 'grid_cap': None}  [5s]
    [screen resadd/coarse] 188 offered -> 188 valid (0 compile-fail, 0 wrong-answer)
    [resadd/coarse] 188/188 cfgs timed -> 0.0073 ms  {'ROWS': 4, 'BLOCK_N': 1024, 'num_warps': 32, 'num_stages': 1, 'KVEC': 0, 'UNROLL': 1, 'grid_cap': None}  [1s]
    [screen resadd/refine]  62 offered ->  62 valid (0 compile-fail, 0 wrong-answer)
    [resadd/refine]  62/62 cfgs timed -> 0.0082 ms  {'ROWS': 4, 'BLOCK_N': 2048, 'num_warps': 16, 'num_stages': 1, 'KVEC': 0, 'UNROLL': 1, 'grid_cap': None, 'EVICT': 1}  [2s]
    [resadd] coarse 188 cfgs (0 rej) -> 0.0073 ms | refine 62 (0 rej) -> 0.0082 ms | best 0.0073 ms {'ROWS': 4, 'BLOCK_N': 1024, 'num_warps': 32, 'num_stages': 1, 'KVEC': 0, 'UNROLL': 1, 'grid_cap': None}  [4s]
    [chain] joint 16 pairs -> 0.0520 ms (independent-best sum would be 0.0147 ms)
    fused 0.0579 ms (2 GB/s) | unfused 0.1269 ms (1 GB/s) | paired 2.180x (590% of 1.20x) | eager 0.1216 | compile 0.0368
  == decode_bs32 (T=32) ==
    [screen fused/coarse] 188 offered -> 188 valid (0 compile-fail, 0 wrong-answer)
    [fused/coarse] 188/188 cfgs timed -> 0.0094 ms  {'ROWS': 2, 'BLOCK_N': 1024, 'num_warps': 16, 'num_stages': 2, 'KVEC': 0, 'UNROLL': 1, 'grid_cap': None}  [1s]
    [screen fused/refine]  72 offered ->  72 valid (0 compile-fail, 0 wrong-answer)
    [fused/refine]  72/72 cfgs timed -> 0.0096 ms  {'ROWS': 2, 'BLOCK_N': 1024, 'num_warps': 16, 'num_stages': 2, 'KVEC': 0, 'UNROLL': 1, 'grid_cap': None, 'EVICT': 1}  [6s]
    [fused] coarse 188 cfgs (0 rej) -> 0.0094 ms | refine 72 (0 rej) -> 0.0096 ms | best 0.0094 ms {'ROWS': 2, 'BLOCK_N': 1024, 'num_warps': 16, 'num_stages': 2, 'KVEC': 0, 'UNROLL': 1, 'grid_cap': None}  [7s]
    [screen merge/coarse] 188 offered -> 188 valid (0 compile-fail, 0 wrong-answer)
    [merge/coarse] 188/188 cfgs timed -> 0.0097 ms  {'ROWS': 8, 'BLOCK_N': 2048, 'num_warps': 32, 'num_stages': 2, 'KVEC': 0, 'UNROLL': 1, 'grid_cap': None}  [1s]
    [screen merge/refine]  70 offered ->  70 valid (0 compile-fail, 0 wrong-answer)
    [merge/refine]  70/70 cfgs timed -> 0.0106 ms  {'ROWS': 16, 'BLOCK_N': 1024, 'num_warps': 16, 'num_stages': 2, 'KVEC': 0, 'UNROLL': 1, 'grid_cap': None, 'EVICT': 1}  [8s]
    [merge] coarse 188 cfgs (0 rej) -> 0.0097 ms | refine 70 (0 rej) -> 0.0106 ms | best 0.0097 ms {'ROWS': 8, 'BLOCK_N': 2048, 'num_warps': 32, 'num_stages': 2, 'KVEC': 0, 'UNROLL': 1, 'grid_cap': None}  [9s]
    [screen resadd/coarse] 188 offered -> 188 valid (0 compile-fail, 0 wrong-answer)
    [resadd/coarse] 188/188 cfgs timed -> 0.0093 ms  {'ROWS': 4, 'BLOCK_N': 512, 'num_warps': 16, 'num_stages': 2, 'KVEC': 1, 'UNROLL': 1, 'grid_cap': None}  [1s]
    [screen resadd/refine]  62 offered ->  62 valid (0 compile-fail, 0 wrong-answer)
    [resadd/refine]  62/62 cfgs timed -> 0.0098 ms  {'ROWS': 4, 'BLOCK_N': 512, 'num_warps': 16, 'num_stages': 3, 'KVEC': 1, 'UNROLL': 1, 'grid_cap': None, 'EVICT': 1}  [4s]
    [resadd] coarse 188 cfgs (0 rej) -> 0.0093 ms | refine 62 (0 rej) -> 0.0098 ms | best 0.0093 ms {'ROWS': 4, 'BLOCK_N': 512, 'num_warps': 16, 'num_stages': 2, 'KVEC': 1, 'UNROLL': 1, 'grid_cap': None}  [5s]
    [chain] joint 16 pairs -> 0.0550 ms (independent-best sum would be 0.0190 ms)
    fused 0.0669 ms (59 GB/s) | unfused 0.1422 ms (33 GB/s) | paired 2.134x (567% of 1.20x) | eager 0.1410 | compile 0.0474
  == decode_bs256 (T=256) ==
    [screen fused/coarse] 188 offered -> 188 valid (0 compile-fail, 0 wrong-answer)
    [fused/coarse] 188/188 cfgs timed -> 0.0148 ms  {'ROWS': 1, 'BLOCK_N': 1024, 'num_warps': 8, 'num_stages': 1, 'KVEC': 0, 'UNROLL': 1, 'grid_cap': None}  [1s]
    [screen fused/refine]  66 offered ->  66 valid (0 compile-fail, 0 wrong-answer)
    [fused/refine]  66/66 cfgs timed -> 0.0140 ms  {'ROWS': 1, 'BLOCK_N': 1024, 'num_warps': 4, 'num_stages': 1, 'KVEC': 0, 'UNROLL': 1, 'grid_cap': None, 'EVICT': 1}  [4s]
    [fused] coarse 188 cfgs (0 rej) -> 0.0148 ms | refine 66 (0 rej) -> 0.0140 ms | best 0.0140 ms {'ROWS': 1, 'BLOCK_N': 1024, 'num_warps': 4, 'num_stages': 1, 'KVEC': 0, 'UNROLL': 1, 'grid_cap': None, 'EVICT': 1}  [5s]
    [screen merge/coarse] 188 offered -> 188 valid (0 compile-fail, 0 wrong-answer)
    [merge/coarse] 188/188 cfgs timed -> 0.0140 ms  {'ROWS': 1, 'BLOCK_N': 256, 'num_warps': 1, 'num_stages': 2, 'KVEC': 1, 'UNROLL': 1, 'grid_cap': None}  [1s]
    [screen merge/refine]  34 offered ->  34 valid (0 compile-fail, 0 wrong-answer)
    [merge/refine]  34/34 cfgs timed -> 0.0130 ms  {'ROWS': 1, 'BLOCK_N': 256, 'num_warps': 1, 'num_stages': 2, 'KVEC': 0, 'UNROLL': 1, 'grid_cap': None, 'EVICT': 1}  [2s]
    [merge] coarse 188 cfgs (0 rej) -> 0.0140 ms | refine 34 (0 rej) -> 0.0130 ms | best 0.0130 ms {'ROWS': 1, 'BLOCK_N': 256, 'num_warps': 1, 'num_stages': 2, 'KVEC': 0, 'UNROLL': 1, 'grid_cap': None, 'EVICT': 1}  [3s]
    [screen resadd/coarse] 188 offered -> 188 valid (0 compile-fail, 0 wrong-answer)
    [resadd/coarse] 188/188 cfgs timed -> 0.0089 ms  {'ROWS': 2, 'BLOCK_N': 512, 'num_warps': 2, 'num_stages': 1, 'KVEC': 0, 'UNROLL': 1, 'grid_cap': None}  [1s]
    [screen resadd/refine]  90 offered ->  90 valid (0 compile-fail, 0 wrong-answer)
    [resadd/refine]  90/90 cfgs timed -> 0.0104 ms  {'ROWS': 2, 'BLOCK_N': 1024, 'num_warps': 2, 'num_stages': 1, 'KVEC': 0, 'UNROLL': 0, 'grid_cap': None, 'EVICT': 1}  [3s]
    [resadd] coarse 188 cfgs (0 rej) -> 0.0089 ms | refine 90 (0 rej) -> 0.0104 ms | best 0.0089 ms {'ROWS': 2, 'BLOCK_N': 512, 'num_warps': 2, 'num_stages': 1, 'KVEC': 0, 'UNROLL': 1, 'grid_cap': None}  [4s]
    [chain] joint 16 pairs -> 0.0559 ms (independent-best sum would be 0.0219 ms)
    fused 0.0813 ms (387 GB/s) | unfused 0.1630 ms (232 GB/s) | paired 2.031x (516% of 1.20x) | eager 0.1658 | compile 0.0763
  == decode_bs512 (T=512) ==
    [screen fused/coarse] 188 offered -> 188 valid (0 compile-fail, 0 wrong-answer)
    [fused/coarse] 188/188 cfgs timed -> 0.0223 ms  {'ROWS': 1, 'BLOCK_N': 1024, 'num_warps': 8, 'num_stages': 2, 'KVEC': 0, 'UNROLL': 1, 'grid_cap': None}  [1s]
    [screen fused/refine]  66 offered ->  66 valid (0 compile-fail, 0 wrong-answer)
    [fused/refine]  66/66 cfgs timed -> 0.0206 ms  {'ROWS': 1, 'BLOCK_N': 1024, 'num_warps': 4, 'num_stages': 2, 'KVEC': 0, 'UNROLL': 1, 'grid_cap': None, 'EVICT': 1}  [3s]
    [fused] coarse 188 cfgs (0 rej) -> 0.0223 ms | refine 66 (0 rej) -> 0.0206 ms | best 0.0206 ms {'ROWS': 1, 'BLOCK_N': 1024, 'num_warps': 4, 'num_stages': 2, 'KVEC': 0, 'UNROLL': 1, 'grid_cap': None, 'EVICT': 1}  [3s]
    [screen merge/coarse] 188 offered -> 188 valid (0 compile-fail, 0 wrong-answer)
    [merge/coarse] 188/188 cfgs timed -> 0.0210 ms  {'ROWS': 1, 'BLOCK_N': 256, 'num_warps': 1, 'num_stages': 2, 'KVEC': 0, 'UNROLL': 1, 'grid_cap': None}  [1s]
    [screen merge/refine]  50 offered ->  50 valid (0 compile-fail, 0 wrong-answer)
    [merge/refine]  50/50 cfgs timed -> 0.0196 ms  {'ROWS': 1, 'BLOCK_N': 256, 'num_warps': 1, 'num_stages': 2, 'KVEC': 1, 'UNROLL': 1, 'grid_cap': None, 'EVICT': 1}  [2s]
    [merge] coarse 188 cfgs (0 rej) -> 0.0210 ms | refine 50 (0 rej) -> 0.0196 ms | best 0.0196 ms {'ROWS': 1, 'BLOCK_N': 256, 'num_warps': 1, 'num_stages': 2, 'KVEC': 1, 'UNROLL': 1, 'grid_cap': None, 'EVICT': 1}  [2s]
    [screen resadd/coarse] 188 offered -> 188 valid (0 compile-fail, 0 wrong-answer)
    [resadd/coarse] 188/188 cfgs timed -> 0.0108 ms  {'ROWS': 4, 'BLOCK_N': 512, 'num_warps': 2, 'num_stages': 2, 'KVEC': 0, 'UNROLL': 1, 'grid_cap': None}  [1s]
    [screen resadd/refine]  64 offered ->  64 valid (0 compile-fail, 0 wrong-answer)
    [resadd/refine]  64/64 cfgs timed -> 0.0107 ms  {'ROWS': 2, 'BLOCK_N': 512, 'num_warps': 2, 'num_stages': 2, 'KVEC': 0, 'UNROLL': 1, 'grid_cap': None, 'EVICT': 1}  [3s]
    [resadd] coarse 188 cfgs (0 rej) -> 0.0108 ms | refine 64 (0 rej) -> 0.0107 ms | best 0.0107 ms {'ROWS': 2, 'BLOCK_N': 512, 'num_warps': 2, 'num_stages': 2, 'KVEC': 0, 'UNROLL': 1, 'grid_cap': None, 'EVICT': 1}  [4s]
    [chain] joint 16 pairs -> 0.0542 ms (independent-best sum would be 0.0303 ms)
    fused 0.0938 ms (671 GB/s) | unfused 0.1810 ms (417 GB/s) | paired 1.971x (486% of 1.20x) | eager 0.2322 | compile 0.0825
  == decode_bs1024 (T=1024) ==
    [screen fused/coarse] 188 offered -> 188 valid (0 compile-fail, 0 wrong-answer)
    [fused/coarse] 188/188 cfgs timed -> 0.0382 ms  {'ROWS': 1, 'BLOCK_N': 2048, 'num_warps': 16, 'num_stages': 2, 'KVEC': 0, 'UNROLL': 1, 'grid_cap': None}  [1s]
    [screen fused/refine]  66 offered ->  66 valid (0 compile-fail, 0 wrong-answer)
    [fused/refine]  66/66 cfgs timed -> 0.0355 ms  {'ROWS': 1, 'BLOCK_N': 1024, 'num_warps': 8, 'num_stages': 2, 'KVEC': 0, 'UNROLL': 1, 'grid_cap': None, 'EVICT': 1}  [4s]
    [fused] coarse 188 cfgs (0 rej) -> 0.0382 ms | refine 66 (0 rej) -> 0.0355 ms | best 0.0355 ms {'ROWS': 1, 'BLOCK_N': 1024, 'num_warps': 8, 'num_stages': 2, 'KVEC': 0, 'UNROLL': 1, 'grid_cap': None, 'EVICT': 1}  [5s]
    [screen merge/coarse] 188 offered -> 188 valid (0 compile-fail, 0 wrong-answer)
    [merge/coarse] 188/188 cfgs timed -> 0.0354 ms  {'ROWS': 1, 'BLOCK_N': 256, 'num_warps': 1, 'num_stages': 2, 'KVEC': 0, 'UNROLL': 1, 'grid_cap': None}  [1s]
    [screen merge/refine]  50 offered ->  50 valid (0 compile-fail, 0 wrong-answer)
    [merge/refine]  50/50 cfgs timed -> 0.0328 ms  {'ROWS': 1, 'BLOCK_N': 256, 'num_warps': 1, 'num_stages': 2, 'KVEC': 1, 'UNROLL': 1, 'grid_cap': None, 'EVICT': 1}  [0s]
    [merge] coarse 188 cfgs (0 rej) -> 0.0354 ms | refine 50 (0 rej) -> 0.0328 ms | best 0.0328 ms {'ROWS': 1, 'BLOCK_N': 256, 'num_warps': 1, 'num_stages': 2, 'KVEC': 1, 'UNROLL': 1, 'grid_cap': None, 'EVICT': 1}  [1s]
    [screen resadd/coarse] 188 offered -> 188 valid (0 compile-fail, 0 wrong-answer)
    [resadd/coarse] 188/188 cfgs timed -> 0.0151 ms  {'ROWS': 1, 'BLOCK_N': 1024, 'num_warps': 1, 'num_stages': 2, 'KVEC': 0, 'UNROLL': 1, 'grid_cap': None}  [1s]
    [screen resadd/refine]  36 offered ->  36 valid (0 compile-fail, 0 wrong-answer)
    [resadd/refine]  36/36 cfgs timed -> 0.0207 ms  {'ROWS': 1, 'BLOCK_N': 1024, 'num_warps': 1, 'num_stages': 2, 'KVEC': 0, 'UNROLL': 1, 'grid_cap': 2112, 'EVICT': 1}  [1s]
    [resadd] coarse 188 cfgs (0 rej) -> 0.0151 ms | refine 36 (0 rej) -> 0.0207 ms | best 0.0151 ms {'ROWS': 1, 'BLOCK_N': 1024, 'num_warps': 1, 'num_stages': 2, 'KVEC': 0, 'UNROLL': 1, 'grid_cap': None}  [2s]
    [chain] joint 16 pairs -> 0.0546 ms (independent-best sum would be 0.0479 ms)
    fused 0.1025 ms (1228 GB/s) | unfused 0.1983 ms (761 GB/s) | paired 1.911x (455% of 1.20x) | eager 0.4591 | compile 0.0795
  == prefill_t2048 (T=2048) ==
    [screen fused/coarse] 188 offered -> 188 valid (0 compile-fail, 0 wrong-answer)
    [fused/coarse] 188/188 cfgs timed -> 0.0675 ms  {'ROWS': 1, 'BLOCK_N': 256, 'num_warps': 1, 'num_stages': 1, 'KVEC': 1, 'UNROLL': 1, 'grid_cap': None}  [1s]
    [screen fused/refine]  34 offered ->  34 valid (0 compile-fail, 0 wrong-answer)
    [fused/refine]  34/34 cfgs timed -> 0.0654 ms  {'ROWS': 1, 'BLOCK_N': 256, 'num_warps': 1, 'num_stages': 1, 'KVEC': 1, 'UNROLL': 1, 'grid_cap': None, 'EVICT': 1}  [1s]
    [fused] coarse 188 cfgs (0 rej) -> 0.0675 ms | refine 34 (0 rej) -> 0.0654 ms | best 0.0654 ms {'ROWS': 1, 'BLOCK_N': 256, 'num_warps': 1, 'num_stages': 1, 'KVEC': 1, 'UNROLL': 1, 'grid_cap': None, 'EVICT': 1}  [2s]
    [screen merge/coarse] 188 offered -> 188 valid (0 compile-fail, 0 wrong-answer)
    [merge/coarse] 188/188 cfgs timed -> 0.0619 ms  {'ROWS': 1, 'BLOCK_N': 256, 'num_warps': 1, 'num_stages': 2, 'KVEC': 1, 'UNROLL': 1, 'grid_cap': None}  [1s]
    [screen merge/refine]  34 offered ->  34 valid (0 compile-fail, 0 wrong-answer)
    [merge/refine]  34/34 cfgs timed -> 0.0597 ms  {'ROWS': 1, 'BLOCK_N': 256, 'num_warps': 1, 'num_stages': 2, 'KVEC': 1, 'UNROLL': 0, 'grid_cap': None, 'EVICT': 1}  [0s]
    [merge] coarse 188 cfgs (0 rej) -> 0.0619 ms | refine 34 (0 rej) -> 0.0597 ms | best 0.0597 ms {'ROWS': 1, 'BLOCK_N': 256, 'num_warps': 1, 'num_stages': 2, 'KVEC': 1, 'UNROLL': 0, 'grid_cap': None, 'EVICT': 1}  [1s]
    [screen resadd/coarse] 188 offered -> 188 valid (0 compile-fail, 0 wrong-answer)
    [resadd/coarse] 188/188 cfgs timed -> 0.0244 ms  {'ROWS': 1, 'BLOCK_N': 1024, 'num_warps': 1, 'num_stages': 1, 'KVEC': 0, 'UNROLL': 1, 'grid_cap': None}  [1s]
    [screen resadd/refine]  36 offered ->  36 valid (0 compile-fail, 0 wrong-answer)
    [resadd/refine]  36/36 cfgs timed -> 0.0244 ms  {'ROWS': 1, 'BLOCK_N': 512, 'num_warps': 1, 'num_stages': 1, 'KVEC': 0, 'UNROLL': 0, 'grid_cap': None, 'EVICT': 1}  [1s]
    [resadd] coarse 188 cfgs (0 rej) -> 0.0244 ms | refine 36 (0 rej) -> 0.0244 ms | best 0.0244 ms {'ROWS': 1, 'BLOCK_N': 1024, 'num_warps': 1, 'num_stages': 1, 'KVEC': 0, 'UNROLL': 1, 'grid_cap': None}  [2s]
    [chain] joint 16 pairs -> 0.0761 ms (independent-best sum would be 0.0841 ms)
    fused 0.1333 ms (1889 GB/s) | unfused 0.2074 ms (1456 GB/s) | paired 1.565x (282% of 1.20x) | eager 0.9146 | compile 0.1513
  == prefill_t8192 (T=8192) ==
    [screen fused/coarse] 188 offered -> 188 valid (0 compile-fail, 0 wrong-answer)
    [fused/coarse] 188/188 cfgs timed -> 0.2344 ms  {'ROWS': 1, 'BLOCK_N': 2048, 'num_warps': 8, 'num_stages': 1, 'KVEC': 1, 'UNROLL': 1, 'grid_cap': None}  [2s]
    [screen fused/refine]  48 offered ->  48 valid (0 compile-fail, 0 wrong-answer)
    [fused/refine]  48/48 cfgs timed -> 0.2346 ms  {'ROWS': 1, 'BLOCK_N': 4096, 'num_warps': 8, 'num_stages': 1, 'KVEC': 0, 'UNROLL': 1, 'grid_cap': None}  [2s]
    [fused] coarse 188 cfgs (0 rej) -> 0.2344 ms | refine 48 (0 rej) -> 0.2346 ms | best 0.2344 ms {'ROWS': 1, 'BLOCK_N': 2048, 'num_warps': 8, 'num_stages': 1, 'KVEC': 1, 'UNROLL': 1, 'grid_cap': None}  [4s]
    [screen merge/coarse] 188 offered -> 188 valid (0 compile-fail, 0 wrong-answer)
    [merge/coarse] 188/188 cfgs timed -> 0.2121 ms  {'ROWS': 1, 'BLOCK_N': 512, 'num_warps': 1, 'num_stages': 2, 'KVEC': 0, 'UNROLL': 1, 'grid_cap': None}  [2s]
    [screen merge/refine]  58 offered ->  58 valid (0 compile-fail, 0 wrong-answer)
    [merge/refine]  58/58 cfgs timed -> 0.2120 ms  {'ROWS': 1, 'BLOCK_N': 512, 'num_warps': 1, 'num_stages': 1, 'KVEC': 0, 'UNROLL': 1, 'grid_cap': None}  [1s]
    [merge] coarse 188 cfgs (0 rej) -> 0.2121 ms | refine 58 (0 rej) -> 0.2120 ms | best 0.2120 ms {'ROWS': 1, 'BLOCK_N': 512, 'num_warps': 1, 'num_stages': 1, 'KVEC': 0, 'UNROLL': 1, 'grid_cap': None}  [2s]
    [screen resadd/coarse] 188 offered -> 188 valid (0 compile-fail, 0 wrong-answer)
    [resadd/coarse] 188/188 cfgs timed -> 0.0761 ms  {'ROWS': 1, 'BLOCK_N': 1024, 'num_warps': 1, 'num_stages': 1, 'KVEC': 0, 'UNROLL': 1, 'grid_cap': None}  [1s]
    [screen resadd/refine]  36 offered ->  36 valid (0 compile-fail, 0 wrong-answer)
    [resadd/refine]  36/36 cfgs timed -> 0.0780 ms  {'ROWS': 1, 'BLOCK_N': 512, 'num_warps': 1, 'num_stages': 1, 'KVEC': 0, 'UNROLL': 1, 'grid_cap': None, 'EVICT': 1}  [0s]
    [resadd] coarse 188 cfgs (0 rej) -> 0.0761 ms | refine 36 (0 rej) -> 0.0780 ms | best 0.0761 ms {'ROWS': 1, 'BLOCK_N': 1024, 'num_warps': 1, 'num_stages': 1, 'KVEC': 0, 'UNROLL': 1, 'grid_cap': None}  [1s]
    [chain] joint 16 pairs -> 0.2809 ms (independent-best sum would be 0.2881 ms)
    fused 0.2348 ms (4289 GB/s) | unfused 0.2810 ms (4300 GB/s) | paired 1.194x (97% of 1.20x) | eager 3.5976 | compile 0.6402

wrote f10_merge_resadd.json
regime               fused   unfused   paired   %ceil     eager   compile
decode_bs1          0.0579    0.1269    2.180    590%    0.1216    0.0368
decode_bs32         0.0669    0.1422    2.134    567%    0.1410    0.0474
decode_bs256        0.0813    0.1630    2.031    516%    0.1658    0.0763
decode_bs512        0.0938    0.1810    1.971    486%    0.2322    0.0825
decode_bs1024       0.1025    0.1983    1.911    455%    0.4591    0.0795
prefill_t2048       0.1333    0.2074    1.565    282%    0.9146    0.1513
prefill_t8192       0.2348    0.2810    1.194     97%    3.5976    0.6402
